[2026-03-30 17:57:39] [INFO] Thread 1 log 0
[2026-03-30 17:57:39] [INFO] Thread 1 log 1
[2026-03-30 17:57:39] [INFO] Thread 1 log 2
[2026-03-30 17:57:39] [INFO] Thread 1 log 3
[2026-03-30 17:57:39] [INFO] Thread 2 log 0
[2026-03-30 17:57:39] [INFO] Thread 1 log 4
[2026-03-30 17:57:39] [INFO] Thread 1 log 5
[2026-03-30 17:57:39] [INFO] Thread 1 log 6
[2026-03-30 17:57:39] [INFO] Thread 1 log 7
[2026-03-30 17:57:39] [INFO] Thread 2 log 1
[2026-03-30 17:57:39] [INFO] Thread 2 log 2
[2026-03-30 17:57:39] [INFO] Thread 2 log 3
[2026-03-30 17:57:39] [INFO] Thread 1 log 8
[2026-03-30 17:57:39] [INFO] Thread 1 log 9
[2026-03-30 17:57:39] [INFO] Thread 2 log 4
[2026-03-30 17:57:39] [INFO] Thread 2 log 5
[2026-03-30 17:57:39] [INFO] Thread 1 log 10
[2026-03-30 17:57:39] [INFO] Thread 2 log 6
[2026-03-30 17:57:39] [INFO] Thread 2 log 7
[2026-03-30 17:57:39] [INFO] Thread 2 log 8
[2026-03-30 17:57:39] [INFO] Thread 2 log 9
[2026-03-30 17:57:39] [INFO] Thread 1 log 11
[2026-03-30 17:57:39] [INFO] Thread 1 log 12
[2026-03-30 17:57:39] [INFO] Thread 1 log 13
[2026-03-30 17:57:39] [INFO] Thread 2 log 10
[2026-03-30 17:57:39] [INFO] Thread 2 log 11
[2026-03-30 17:57:39] [INFO] Thread 2 log 12
[2026-03-30 17:57:39] [INFO] Thread 2 log 13
[2026-03-30 17:57:39] [INFO] Thread 2 log 14
[2026-03-30 17:57:39] [INFO] Thread 2 log 15
[2026-03-30 17:57:39] [INFO] Thread 2 log 16
[2026-03-30 17:57:39] [INFO] Thread 2 log 17
[2026-03-30 17:57:39] [INFO] Thread 2 log 18
[2026-03-30 17:57:39] [INFO] Thread 2 log 19
[2026-03-30 17:57:39] [INFO] Thread 1 log 14
[2026-03-30 17:57:39] [INFO] Thread 2 log 20
[2026-03-30 17:57:39] [INFO] Thread 2 log 21
[2026-03-30 17:57:39] [INFO] Thread 2 log 22
[2026-03-30 17:57:39] [INFO] Thread 1 log 15
[2026-03-30 17:57:39] [INFO] Thread 1 log 16
[2026-03-30 17:57:39] [INFO] Thread 1 log 17
[2026-03-30 17:57:39] [INFO] Thread 1 log 18
[2026-03-30 17:57:39] [INFO] Thread 1 log 19
[2026-03-30 17:57:39] [INFO] Thread 1 log 20
[2026-03-30 17:57:39] [INFO] Thread 1 log 21
[2026-03-30 17:57:39] [INFO] Thread 2 log 23
[2026-03-30 17:57:39] [INFO] Thread 2 log 24
[2026-03-30 17:57:39] [INFO] Thread 2 log 25
[2026-03-30 17:57:39] [INFO] Thread 2 log 26
[2026-03-30 17:57:39] [INFO] Thread 2 log 27
[2026-03-30 17:57:39] [INFO] Thread 1 log 22
[2026-03-30 17:57:39] [INFO] Thread 2 log 28
[2026-03-30 17:57:39] [INFO] Thread 2 log 29
[2026-03-30 17:57:39] [INFO] Thread 2 log 30
[2026-03-30 17:57:39] [INFO] Thread 1 log 23
[2026-03-30 17:57:39] [INFO] Thread 2 log 31
[2026-03-30 17:57:39] [INFO] Thread 2 log 32
[2026-03-30 17:57:39] [INFO] Thread 2 log 33
[2026-03-30 17:57:39] [INFO] Thread 2 log 34
[2026-03-30 17:57:39] [INFO] Thread 2 log 35
[2026-03-30 17:57:39] [INFO] Thread 2 log 36
[2026-03-30 17:57:39] [INFO] Thread 2 log 37
[2026-03-30 17:57:39] [INFO] Thread 2 log 38
[2026-03-30 17:57:39] [INFO] Thread 2 log 39
[2026-03-30 17:57:39] [INFO] Thread 1 log 24
[2026-03-30 17:57:39] [INFO] Thread 2 log 40
[2026-03-30 17:57:39] [INFO] Thread 2 log 41
[2026-03-30 17:57:39] [INFO] Thread 2 log 42
[2026-03-30 17:57:39] [INFO] Thread 2 log 43
[2026-03-30 17:57:39] [INFO] Thread 1 log 25
[2026-03-30 17:57:39] [INFO] Thread 2 log 44
[2026-03-30 17:57:39] [INFO] Thread 2 log 45
[2026-03-30 17:57:39] [INFO] Thread 2 log 46
[2026-03-30 17:57:39] [INFO] Thread 2 log 47
[2026-03-30 17:57:39] [INFO] Thread 2 log 48
[2026-03-30 17:57:39] [INFO] Thread 2 log 49
[2026-03-30 17:57:39] [INFO] Thread 2 log 50
[2026-03-30 17:57:39] [INFO] Thread 2 log 51
[2026-03-30 17:57:39] [INFO] Thread 1 log 26
[2026-03-30 17:57:39] [INFO] Thread 1 log 27
[2026-03-30 17:57:39] [INFO] Thread 1 log 28
[2026-03-30 17:57:39] [INFO] Thread 1 log 29
[2026-03-30 17:57:39] [INFO] Thread 1 log 30
[2026-03-30 17:57:39] [INFO] Thread 1 log 31
[2026-03-30 17:57:39] [INFO] Thread 1 log 32
[2026-03-30 17:57:39] [INFO] Thread 1 log 33
[2026-03-30 17:57:39] [INFO] Thread 1 log 34
[2026-03-30 17:57:39] [INFO] Thread 1 log 35
[2026-03-30 17:57:39] [INFO] Thread 1 log 36
[2026-03-30 17:57:39] [INFO] Thread 1 log 37
[2026-03-30 17:57:39] [INFO] Thread 1 log 38
[2026-03-30 17:57:39] [INFO] Thread 1 log 39
[2026-03-30 17:57:39] [INFO] Thread 1 log 40
[2026-03-30 17:57:39] [INFO] Thread 1 log 41
[2026-03-30 17:57:39] [INFO] Thread 1 log 42
[2026-03-30 17:57:39] [INFO] Thread 1 log 43
[2026-03-30 17:57:39] [INFO] Thread 1 log 44
[2026-03-30 17:57:39] [INFO] Thread 1 log 45
[2026-03-30 17:57:39] [INFO] Thread 1 log 46
[2026-03-30 17:57:39] [INFO] Thread 1 log 47
[2026-03-30 17:57:39] [INFO] Thread 1 log 48
[2026-03-30 17:57:39] [INFO] Thread 2 log 52
[2026-03-30 17:57:39] [INFO] Thread 2 log 53
[2026-03-30 17:57:39] [INFO] Thread 2 log 54
[2026-03-30 17:57:39] [INFO] Thread 1 log 49
[2026-03-30 17:57:39] [INFO] Thread 1 log 50
[2026-03-30 17:57:39] [INFO] Thread 1 log 51
[2026-03-30 17:57:39] [INFO] Thread 2 log 55
[2026-03-30 17:57:39] [INFO] Thread 2 log 56
[2026-03-30 17:57:39] [INFO] Thread 2 log 57
[2026-03-30 17:57:39] [INFO] Thread 2 log 58
[2026-03-30 17:57:39] [INFO] Thread 2 log 59
[2026-03-30 17:57:39] [INFO] Thread 2 log 60
[2026-03-30 17:57:39] [INFO] Thread 1 log 52
[2026-03-30 17:57:39] [INFO] Thread 1 log 53
[2026-03-30 17:57:39] [INFO] Thread 2 log 61
[2026-03-30 17:57:39] [INFO] Thread 2 log 62
[2026-03-30 17:57:39] [INFO] Thread 2 log 63
[2026-03-30 17:57:39] [INFO] Thread 2 log 64
[2026-03-30 17:57:39] [INFO] Thread 2 log 65
[2026-03-30 17:57:39] [INFO] Thread 2 log 66
[2026-03-30 17:57:39] [INFO] Thread 2 log 67
[2026-03-30 17:57:39] [INFO] Thread 2 log 68
[2026-03-30 17:57:39] [INFO] Thread 2 log 69
[2026-03-30 17:57:39] [INFO] Thread 2 log 70
[2026-03-30 17:57:39] [INFO] Thread 2 log 71
[2026-03-30 17:57:39] [INFO] Thread 2 log 72
[2026-03-30 17:57:39] [INFO] Thread 2 log 73
[2026-03-30 17:57:39] [INFO] Thread 2 log 74
[2026-03-30 17:57:39] [INFO] Thread 2 log 75
[2026-03-30 17:57:39] [INFO] Thread 2 log 76
[2026-03-30 17:57:39] [INFO] Thread 2 log 77
[2026-03-30 17:57:39] [INFO] Thread 2 log 78
[2026-03-30 17:57:39] [INFO] Thread 2 log 79
[2026-03-30 17:57:39] [INFO] Thread 2 log 80
[2026-03-30 17:57:39] [INFO] Thread 2 log 81
[2026-03-30 17:57:39] [INFO] Thread 2 log 82
[2026-03-30 17:57:39] [INFO] Thread 2 log 83
[2026-03-30 17:57:39] [INFO] Thread 2 log 84
[2026-03-30 17:57:39] [INFO] Thread 2 log 85
[2026-03-30 17:57:39] [INFO] Thread 2 log 86
[2026-03-30 17:57:39] [INFO] Thread 2 log 87
[2026-03-30 17:57:39] [INFO] Thread 2 log 88
[2026-03-30 17:57:39] [INFO] Thread 2 log 89
[2026-03-30 17:57:39] [INFO] Thread 2 log 90
[2026-03-30 17:57:39] [INFO] Thread 2 log 91
[2026-03-30 17:57:39] [INFO] Thread 2 log 92
[2026-03-30 17:57:39] [INFO] Thread 2 log 93
[2026-03-30 17:57:39] [INFO] Thread 2 log 94
[2026-03-30 17:57:39] [INFO] Thread 2 log 95
[2026-03-30 17:57:39] [INFO] Thread 2 log 96
[2026-03-30 17:57:39] [INFO] Thread 2 log 97
[2026-03-30 17:57:39] [INFO] Thread 2 log 98
[2026-03-30 17:57:39] [INFO] Thread 2 log 99
[2026-03-30 17:57:39] [INFO] Thread 2 log 100
[2026-03-30 17:57:39] [INFO] Thread 2 log 101
[2026-03-30 17:57:39] [INFO] Thread 2 log 102
[2026-03-30 17:57:39] [INFO] Thread 2 log 103
[2026-03-30 17:57:39] [INFO] Thread 2 log 104
[2026-03-30 17:57:39] [INFO] Thread 2 log 105
[2026-03-30 17:57:39] [INFO] Thread 2 log 106
[2026-03-30 17:57:39] [INFO] Thread 2 log 107
[2026-03-30 17:57:39] [INFO] Thread 2 log 108
[2026-03-30 17:57:39] [INFO] Thread 2 log 109
[2026-03-30 17:57:39] [INFO] Thread 2 log 110
[2026-03-30 17:57:39] [INFO] Thread 2 log 111
[2026-03-30 17:57:39] [INFO] Thread 2 log 112
[2026-03-30 17:57:39] [INFO] Thread 2 log 113
[2026-03-30 17:57:39] [INFO] Thread 2 log 114
[2026-03-30 17:57:39] [INFO] Thread 2 log 115
[2026-03-30 17:57:39] [INFO] Thread 2 log 116
[2026-03-30 17:57:39] [INFO] Thread 2 log 117
[2026-03-30 17:57:39] [INFO] Thread 2 log 118
[2026-03-30 17:57:39] [INFO] Thread 2 log 119
[2026-03-30 17:57:39] [INFO] Thread 2 log 120
[2026-03-30 17:57:39] [INFO] Thread 2 log 121
[2026-03-30 17:57:39] [INFO] Thread 2 log 122
[2026-03-30 17:57:39] [INFO] Thread 2 log 123
[2026-03-30 17:57:39] [INFO] Thread 2 log 124
[2026-03-30 17:57:39] [INFO] Thread 2 log 125
[2026-03-30 17:57:39] [INFO] Thread 2 log 126
[2026-03-30 17:57:39] [INFO] Thread 2 log 127
[2026-03-30 17:57:39] [INFO] Thread 2 log 128
[2026-03-30 17:57:39] [INFO] Thread 2 log 129
[2026-03-30 17:57:39] [INFO] Thread 2 log 130
[2026-03-30 17:57:39] [INFO] Thread 2 log 131
[2026-03-30 17:57:39] [INFO] Thread 2 log 132
[2026-03-30 17:57:39] [INFO] Thread 2 log 133
[2026-03-30 17:57:39] [INFO] Thread 2 log 134
[2026-03-30 17:57:39] [INFO] Thread 2 log 135
[2026-03-30 17:57:39] [INFO] Thread 2 log 136
[2026-03-30 17:57:39] [INFO] Thread 2 log 137
[2026-03-30 17:57:39] [INFO] Thread 2 log 138
[2026-03-30 17:57:39] [INFO] Thread 1 log 54
[2026-03-30 17:57:39] [INFO] Thread 1 log 55
[2026-03-30 17:57:39] [INFO] Thread 1 log 56
[2026-03-30 17:57:39] [INFO] Thread 1 log 57
[2026-03-30 17:57:39] [INFO] Thread 1 log 58
[2026-03-30 17:57:39] [INFO] Thread 1 log 59
[2026-03-30 17:57:39] [INFO] Thread 1 log 60
[2026-03-30 17:57:39] [INFO] Thread 1 log 61
[2026-03-30 17:57:39] [INFO] Thread 1 log 62
[2026-03-30 17:57:39] [INFO] Thread 1 log 63
[2026-03-30 17:57:39] [INFO] Thread 1 log 64
[2026-03-30 17:57:39] [INFO] Thread 1 log 65
[2026-03-30 17:57:39] [INFO] Thread 1 log 66
[2026-03-30 17:57:39] [INFO] Thread 1 log 67
[2026-03-30 17:57:39] [INFO] Thread 1 log 68
[2026-03-30 17:57:39] [INFO] Thread 1 log 69
[2026-03-30 17:57:39] [INFO] Thread 1 log 70
[2026-03-30 17:57:39] [INFO] Thread 1 log 71
[2026-03-30 17:57:39] [INFO] Thread 1 log 72
[2026-03-30 17:57:39] [INFO] Thread 2 log 139
[2026-03-30 17:57:39] [INFO] Thread 2 log 140
[2026-03-30 17:57:39] [INFO] Thread 2 log 141
[2026-03-30 17:57:39] [INFO] Thread 2 log 142
[2026-03-30 17:57:39] [INFO] Thread 2 log 143
[2026-03-30 17:57:39] [INFO] Thread 2 log 144
[2026-03-30 17:57:39] [INFO] Thread 2 log 145
[2026-03-30 17:57:39] [INFO] Thread 2 log 146
[2026-03-30 17:57:39] [INFO] Thread 2 log 147
[2026-03-30 17:57:39] [INFO] Thread 2 log 148
[2026-03-30 17:57:39] [INFO] Thread 2 log 149
[2026-03-30 17:57:39] [INFO] Thread 2 log 150
[2026-03-30 17:57:39] [INFO] Thread 2 log 151
[2026-03-30 17:57:39] [INFO] Thread 2 log 152
[2026-03-30 17:57:39] [INFO] Thread 2 log 153
[2026-03-30 17:57:39] [INFO] Thread 2 log 154
[2026-03-30 17:57:39] [INFO] Thread 2 log 155
[2026-03-30 17:57:39] [INFO] Thread 2 log 156
[2026-03-30 17:57:39] [INFO] Thread 2 log 157
[2026-03-30 17:57:39] [INFO] Thread 2 log 158
[2026-03-30 17:57:39] [INFO] Thread 2 log 159
[2026-03-30 17:57:39] [INFO] Thread 2 log 160
[2026-03-30 17:57:39] [INFO] Thread 2 log 161
[2026-03-30 17:57:39] [INFO] Thread 2 log 162
[2026-03-30 17:57:39] [INFO] Thread 2 log 163
[2026-03-30 17:57:39] [INFO] Thread 2 log 164
[2026-03-30 17:57:39] [INFO] Thread 2 log 165
[2026-03-30 17:57:39] [INFO] Thread 2 log 166
[2026-03-30 17:57:39] [INFO] Thread 2 log 167
[2026-03-30 17:57:39] [INFO] Thread 2 log 168
[2026-03-30 17:57:39] [INFO] Thread 2 log 169
[2026-03-30 17:57:39] [INFO] Thread 2 log 170
[2026-03-30 17:57:39] [INFO] Thread 2 log 171
[2026-03-30 17:57:39] [INFO] Thread 2 log 172
[2026-03-30 17:57:39] [INFO] Thread 2 log 173
[2026-03-30 17:57:39] [INFO] Thread 2 log 174
[2026-03-30 17:57:39] [INFO] Thread 2 log 175
[2026-03-30 17:57:39] [INFO] Thread 2 log 176
[2026-03-30 17:57:39] [INFO] Thread 2 log 177
[2026-03-30 17:57:39] [INFO] Thread 2 log 178
[2026-03-30 17:57:39] [INFO] Thread 2 log 179
[2026-03-30 17:57:39] [INFO] Thread 2 log 180
[2026-03-30 17:57:39] [INFO] Thread 2 log 181
[2026-03-30 17:57:39] [INFO] Thread 2 log 182
[2026-03-30 17:57:39] [INFO] Thread 2 log 183
[2026-03-30 17:57:39] [INFO] Thread 2 log 184
[2026-03-30 17:57:39] [INFO] Thread 2 log 185
[2026-03-30 17:57:39] [INFO] Thread 2 log 186
[2026-03-30 17:57:39] [INFO] Thread 2 log 187
[2026-03-30 17:57:39] [INFO] Thread 2 log 188
[2026-03-30 17:57:39] [INFO] Thread 2 log 189
[2026-03-30 17:57:39] [INFO] Thread 2 log 190
[2026-03-30 17:57:39] [INFO] Thread 2 log 191
[2026-03-30 17:57:39] [INFO] Thread 2 log 192
[2026-03-30 17:57:39] [INFO] Thread 2 log 193
[2026-03-30 17:57:39] [INFO] Thread 2 log 194
[2026-03-30 17:57:39] [INFO] Thread 2 log 195
[2026-03-30 17:57:39] [INFO] Thread 2 log 196
[2026-03-30 17:57:39] [INFO] Thread 2 log 197
[2026-03-30 17:57:39] [INFO] Thread 2 log 198
[2026-03-30 17:57:39] [INFO] Thread 2 log 199
[2026-03-30 17:57:39] [INFO] Thread 1 log 73
[2026-03-30 17:57:39] [INFO] Thread 2 log 200
[2026-03-30 17:57:39] [INFO] Thread 2 log 201
[2026-03-30 17:57:39] [INFO] Thread 2 log 202
[2026-03-30 17:57:39] [INFO] Thread 2 log 203
[2026-03-30 17:57:39] [INFO] Thread 2 log 204
[2026-03-30 17:57:39] [INFO] Thread 2 log 205
[2026-03-30 17:57:39] [INFO] Thread 2 log 206
[2026-03-30 17:57:39] [INFO] Thread 2 log 207
[2026-03-30 17:57:39] [INFO] Thread 2 log 208
[2026-03-30 17:57:39] [INFO] Thread 2 log 209
[2026-03-30 17:57:39] [INFO] Thread 2 log 210
[2026-03-30 17:57:39] [INFO] Thread 2 log 211
[2026-03-30 17:57:39] [INFO] Thread 2 log 212
[2026-03-30 17:57:39] [INFO] Thread 2 log 213
[2026-03-30 17:57:39] [INFO] Thread 2 log 214
[2026-03-30 17:57:39] [INFO] Thread 2 log 215
[2026-03-30 17:57:39] [INFO] Thread 2 log 216
[2026-03-30 17:57:39] [INFO] Thread 2 log 217
[2026-03-30 17:57:39] [INFO] Thread 2 log 218
[2026-03-30 17:57:39] [INFO] Thread 2 log 219
[2026-03-30 17:57:39] [INFO] Thread 2 log 220
[2026-03-30 17:57:39] [INFO] Thread 1 log 74
[2026-03-30 17:57:39] [INFO] Thread 1 log 75
[2026-03-30 17:57:39] [INFO] Thread 1 log 76
[2026-03-30 17:57:39] [INFO] Thread 1 log 77
[2026-03-30 17:57:39] [INFO] Thread 1 log 78
[2026-03-30 17:57:39] [INFO] Thread 1 log 79
[2026-03-30 17:57:39] [INFO] Thread 1 log 80
[2026-03-30 17:57:39] [INFO] Thread 1 log 81
[2026-03-30 17:57:39] [INFO] Thread 1 log 82
[2026-03-30 17:57:39] [INFO] Thread 1 log 83
[2026-03-30 17:57:39] [INFO] Thread 1 log 84
[2026-03-30 17:57:39] [INFO] Thread 1 log 85
[2026-03-30 17:57:39] [INFO] Thread 1 log 86
[2026-03-30 17:57:39] [INFO] Thread 1 log 87
[2026-03-30 17:57:39] [INFO] Thread 1 log 88
[2026-03-30 17:57:39] [INFO] Thread 1 log 89
[2026-03-30 17:57:39] [INFO] Thread 1 log 90
[2026-03-30 17:57:39] [INFO] Thread 1 log 91
[2026-03-30 17:57:39] [INFO] Thread 1 log 92
[2026-03-30 17:57:39] [INFO] Thread 1 log 93
[2026-03-30 17:57:39] [INFO] Thread 1 log 94
[2026-03-30 17:57:39] [INFO] Thread 1 log 95
[2026-03-30 17:57:39] [INFO] Thread 1 log 96
[2026-03-30 17:57:39] [INFO] Thread 1 log 97
[2026-03-30 17:57:39] [INFO] Thread 1 log 98
[2026-03-30 17:57:39] [INFO] Thread 1 log 99
[2026-03-30 17:57:39] [INFO] Thread 1 log 100
[2026-03-30 17:57:39] [INFO] Thread 1 log 101
[2026-03-30 17:57:39] [INFO] Thread 1 log 102
[2026-03-30 17:57:39] [INFO] Thread 1 log 103
[2026-03-30 17:57:39] [INFO] Thread 1 log 104
[2026-03-30 17:57:39] [INFO] Thread 1 log 105
[2026-03-30 17:57:39] [INFO] Thread 1 log 106
[2026-03-30 17:57:39] [INFO] Thread 1 log 107
[2026-03-30 17:57:39] [INFO] Thread 1 log 108
[2026-03-30 17:57:39] [INFO] Thread 1 log 109
[2026-03-30 17:57:39] [INFO] Thread 1 log 110
[2026-03-30 17:57:39] [INFO] Thread 1 log 111
[2026-03-30 17:57:39] [INFO] Thread 1 log 112
[2026-03-30 17:57:39] [INFO] Thread 1 log 113
[2026-03-30 17:57:39] [INFO] Thread 1 log 114
[2026-03-30 17:57:39] [INFO] Thread 1 log 115
[2026-03-30 17:57:39] [INFO] Thread 1 log 116
[2026-03-30 17:57:39] [INFO] Thread 1 log 117
[2026-03-30 17:57:39] [INFO] Thread 1 log 118
[2026-03-30 17:57:39] [INFO] Thread 1 log 119
[2026-03-30 17:57:39] [INFO] Thread 1 log 120
[2026-03-30 17:57:39] [INFO] Thread 1 log 121
[2026-03-30 17:57:39] [INFO] Thread 1 log 122
[2026-03-30 17:57:39] [INFO] Thread 1 log 123
[2026-03-30 17:57:39] [INFO] Thread 1 log 124
[2026-03-30 17:57:39] [INFO] Thread 1 log 125
[2026-03-30 17:57:39] [INFO] Thread 1 log 126
[2026-03-30 17:57:39] [INFO] Thread 1 log 127
[2026-03-30 17:57:39] [INFO] Thread 1 log 128
[2026-03-30 17:57:39] [INFO] Thread 1 log 129
[2026-03-30 17:57:39] [INFO] Thread 1 log 130
[2026-03-30 17:57:39] [INFO] Thread 1 log 131
[2026-03-30 17:57:39] [INFO] Thread 1 log 132
[2026-03-30 17:57:39] [INFO] Thread 1 log 133
[2026-03-30 17:57:39] [INFO] Thread 1 log 134
[2026-03-30 17:57:39] [INFO] Thread 1 log 135
[2026-03-30 17:57:39] [INFO] Thread 1 log 136
[2026-03-30 17:57:39] [INFO] Thread 1 log 137
[2026-03-30 17:57:39] [INFO] Thread 1 log 138
[2026-03-30 17:57:39] [INFO] Thread 1 log 139
[2026-03-30 17:57:39] [INFO] Thread 1 log 140
[2026-03-30 17:57:39] [INFO] Thread 1 log 141
[2026-03-30 17:57:39] [INFO] Thread 1 log 142
[2026-03-30 17:57:39] [INFO] Thread 1 log 143
[2026-03-30 17:57:39] [INFO] Thread 1 log 144
[2026-03-30 17:57:39] [INFO] Thread 1 log 145
[2026-03-30 17:57:39] [INFO] Thread 1 log 146
[2026-03-30 17:57:39] [INFO] Thread 1 log 147
[2026-03-30 17:57:39] [INFO] Thread 1 log 148
[2026-03-30 17:57:39] [INFO] Thread 1 log 149
[2026-03-30 17:57:39] [INFO] Thread 1 log 150
[2026-03-30 17:57:39] [INFO] Thread 1 log 151
[2026-03-30 17:57:39] [INFO] Thread 1 log 152
[2026-03-30 17:57:39] [INFO] Thread 1 log 153
[2026-03-30 17:57:39] [INFO] Thread 1 log 154
[2026-03-30 17:57:39] [INFO] Thread 1 log 155
[2026-03-30 17:57:39] [INFO] Thread 1 log 156
[2026-03-30 17:57:39] [INFO] Thread 1 log 157
[2026-03-30 17:57:39] [INFO] Thread 1 log 158
[2026-03-30 17:57:39] [INFO] Thread 1 log 159
[2026-03-30 17:57:39] [INFO] Thread 1 log 160
[2026-03-30 17:57:39] [INFO] Thread 1 log 161
[2026-03-30 17:57:39] [INFO] Thread 1 log 162
[2026-03-30 17:57:39] [INFO] Thread 1 log 163
[2026-03-30 17:57:39] [INFO] Thread 1 log 164
[2026-03-30 17:57:39] [INFO] Thread 1 log 165
[2026-03-30 17:57:39] [INFO] Thread 1 log 166
[2026-03-30 17:57:39] [INFO] Thread 1 log 167
[2026-03-30 17:57:39] [INFO] Thread 1 log 168
[2026-03-30 17:57:39] [INFO] Thread 1 log 169
[2026-03-30 17:57:39] [INFO] Thread 1 log 170
[2026-03-30 17:57:39] [INFO] Thread 1 log 171
[2026-03-30 17:57:39] [INFO] Thread 1 log 172
[2026-03-30 17:57:39] [INFO] Thread 1 log 173
[2026-03-30 17:57:39] [INFO] Thread 1 log 174
[2026-03-30 17:57:39] [INFO] Thread 1 log 175
[2026-03-30 17:57:39] [INFO] Thread 1 log 176
[2026-03-30 17:57:39] [INFO] Thread 1 log 177
[2026-03-30 17:57:39] [INFO] Thread 1 log 178
[2026-03-30 17:57:39] [INFO] Thread 1 log 179
[2026-03-30 17:57:39] [INFO] Thread 1 log 180
[2026-03-30 17:57:39] [INFO] Thread 1 log 181
[2026-03-30 17:57:39] [INFO] Thread 1 log 182
[2026-03-30 17:57:39] [INFO] Thread 1 log 183
[2026-03-30 17:57:39] [INFO] Thread 1 log 184
[2026-03-30 17:57:39] [INFO] Thread 1 log 185
[2026-03-30 17:57:39] [INFO] Thread 1 log 186
[2026-03-30 17:57:39] [INFO] Thread 1 log 187
[2026-03-30 17:57:39] [INFO] Thread 1 log 188
[2026-03-30 17:57:39] [INFO] Thread 1 log 189
[2026-03-30 17:57:39] [INFO] Thread 1 log 190
[2026-03-30 17:57:39] [INFO] Thread 1 log 191
[2026-03-30 17:57:39] [INFO] Thread 1 log 192
[2026-03-30 17:57:39] [INFO] Thread 1 log 193
[2026-03-30 17:57:39] [INFO] Thread 1 log 194
[2026-03-30 17:57:39] [INFO] Thread 1 log 195
[2026-03-30 17:57:39] [INFO] Thread 1 log 196
[2026-03-30 17:57:39] [INFO] Thread 1 log 197
[2026-03-30 17:57:39] [INFO] Thread 1 log 198
[2026-03-30 17:57:39] [INFO] Thread 1 log 199
[2026-03-30 17:57:39] [INFO] Thread 1 log 200
[2026-03-30 17:57:39] [INFO] Thread 1 log 201
[2026-03-30 17:57:39] [INFO] Thread 1 log 202
[2026-03-30 17:57:39] [INFO] Thread 1 log 203
[2026-03-30 17:57:39] [INFO] Thread 1 log 204
[2026-03-30 17:57:39] [INFO] Thread 1 log 205
[2026-03-30 17:57:39] [INFO] Thread 1 log 206
[2026-03-30 17:57:39] [INFO] Thread 1 log 207
[2026-03-30 17:57:39] [INFO] Thread 1 log 208
[2026-03-30 17:57:39] [INFO] Thread 1 log 209
[2026-03-30 17:57:39] [INFO] Thread 1 log 210
[2026-03-30 17:57:39] [INFO] Thread 1 log 211
[2026-03-30 17:57:39] [INFO] Thread 1 log 212
[2026-03-30 17:57:39] [INFO] Thread 1 log 213
[2026-03-30 17:57:39] [INFO] Thread 1 log 214
[2026-03-30 17:57:39] [INFO] Thread 1 log 215
[2026-03-30 17:57:39] [INFO] Thread 1 log 216
[2026-03-30 17:57:39] [INFO] Thread 1 log 217
[2026-03-30 17:57:39] [INFO] Thread 1 log 218
[2026-03-30 17:57:39] [INFO] Thread 1 log 219
[2026-03-30 17:57:39] [INFO] Thread 1 log 220
[2026-03-30 17:57:39] [INFO] Thread 1 log 221
[2026-03-30 17:57:39] [INFO] Thread 1 log 222
[2026-03-30 17:57:39] [INFO] Thread 1 log 223
[2026-03-30 17:57:39] [INFO] Thread 1 log 224
[2026-03-30 17:57:39] [INFO] Thread 1 log 225
[2026-03-30 17:57:39] [INFO] Thread 1 log 226
[2026-03-30 17:57:39] [INFO] Thread 1 log 227
[2026-03-30 17:57:39] [INFO] Thread 1 log 228
[2026-03-30 17:57:39] [INFO] Thread 1 log 229
[2026-03-30 17:57:39] [INFO] Thread 1 log 230
[2026-03-30 17:57:39] [INFO] Thread 1 log 231
[2026-03-30 17:57:39] [INFO] Thread 1 log 232
[2026-03-30 17:57:39] [INFO] Thread 1 log 233
[2026-03-30 17:57:39] [INFO] Thread 1 log 234
[2026-03-30 17:57:39] [INFO] Thread 1 log 235
[2026-03-30 17:57:39] [INFO] Thread 1 log 236
[2026-03-30 17:57:39] [INFO] Thread 1 log 237
[2026-03-30 17:57:39] [INFO] Thread 1 log 238
[2026-03-30 17:57:39] [INFO] Thread 1 log 239
[2026-03-30 17:57:39] [INFO] Thread 1 log 240
[2026-03-30 17:57:39] [INFO] Thread 1 log 241
[2026-03-30 17:57:39] [INFO] Thread 1 log 242
[2026-03-30 17:57:39] [INFO] Thread 1 log 243
[2026-03-30 17:57:39] [INFO] Thread 1 log 244
[2026-03-30 17:57:39] [INFO] Thread 1 log 245
[2026-03-30 17:57:39] [INFO] Thread 1 log 246
[2026-03-30 17:57:39] [INFO] Thread 1 log 247
[2026-03-30 17:57:39] [INFO] Thread 1 log 248
[2026-03-30 17:57:39] [INFO] Thread 1 log 249
[2026-03-30 17:57:39] [INFO] Thread 1 log 250
[2026-03-30 17:57:39] [INFO] Thread 1 log 251
[2026-03-30 17:57:39] [INFO] Thread 1 log 252
[2026-03-30 17:57:39] [INFO] Thread 1 log 253
[2026-03-30 17:57:39] [INFO] Thread 1 log 254
[2026-03-30 17:57:39] [INFO] Thread 1 log 255
[2026-03-30 17:57:39] [INFO] Thread 1 log 256
[2026-03-30 17:57:39] [INFO] Thread 1 log 257
[2026-03-30 17:57:39] [INFO] Thread 1 log 258
[2026-03-30 17:57:39] [INFO] Thread 1 log 259
[2026-03-30 17:57:39] [INFO] Thread 1 log 260
[2026-03-30 17:57:39] [INFO] Thread 1 log 261
[2026-03-30 17:57:39] [INFO] Thread 1 log 262
[2026-03-30 17:57:39] [INFO] Thread 1 log 263
[2026-03-30 17:57:39] [INFO] Thread 1 log 264
[2026-03-30 17:57:39] [INFO] Thread 1 log 265
[2026-03-30 17:57:39] [INFO] Thread 1 log 266
[2026-03-30 17:57:39] [INFO] Thread 1 log 267
[2026-03-30 17:57:39] [INFO] Thread 1 log 268
[2026-03-30 17:57:39] [INFO] Thread 1 log 269
[2026-03-30 17:57:39] [INFO] Thread 1 log 270
[2026-03-30 17:57:39] [INFO] Thread 1 log 271
[2026-03-30 17:57:39] [INFO] Thread 1 log 272
[2026-03-30 17:57:39] [INFO] Thread 1 log 273
[2026-03-30 17:57:39] [INFO] Thread 1 log 274
[2026-03-30 17:57:39] [INFO] Thread 1 log 275
[2026-03-30 17:57:39] [INFO] Thread 1 log 276
[2026-03-30 17:57:39] [INFO] Thread 1 log 277
[2026-03-30 17:57:39] [INFO] Thread 1 log 278
[2026-03-30 17:57:39] [INFO] Thread 1 log 279
[2026-03-30 17:57:39] [INFO] Thread 1 log 280
[2026-03-30 17:57:39] [INFO] Thread 1 log 281
[2026-03-30 17:57:39] [INFO] Thread 1 log 282
[2026-03-30 17:57:39] [INFO] Thread 1 log 283
[2026-03-30 17:57:39] [INFO] Thread 1 log 284
[2026-03-30 17:57:39] [INFO] Thread 1 log 285
[2026-03-30 17:57:39] [INFO] Thread 1 log 286
[2026-03-30 17:57:39] [INFO] Thread 1 log 287
[2026-03-30 17:57:39] [INFO] Thread 1 log 288
[2026-03-30 17:57:39] [INFO] Thread 1 log 289
[2026-03-30 17:57:39] [INFO] Thread 1 log 290
[2026-03-30 17:57:39] [INFO] Thread 1 log 291
[2026-03-30 17:57:39] [INFO] Thread 1 log 292
[2026-03-30 17:57:39] [INFO] Thread 1 log 293
[2026-03-30 17:57:39] [INFO] Thread 1 log 294
[2026-03-30 17:57:39] [INFO] Thread 1 log 295
[2026-03-30 17:57:39] [INFO] Thread 1 log 296
[2026-03-30 17:57:39] [INFO] Thread 1 log 297
[2026-03-30 17:57:39] [INFO] Thread 1 log 298
[2026-03-30 17:57:39] [INFO] Thread 1 log 299
[2026-03-30 17:57:39] [INFO] Thread 1 log 300
[2026-03-30 17:57:39] [INFO] Thread 1 log 301
[2026-03-30 17:57:39] [INFO] Thread 1 log 302
[2026-03-30 17:57:39] [INFO] Thread 1 log 303
[2026-03-30 17:57:39] [INFO] Thread 1 log 304
[2026-03-30 17:57:39] [INFO] Thread 1 log 305
[2026-03-30 17:57:39] [INFO] Thread 1 log 306
[2026-03-30 17:57:39] [INFO] Thread 1 log 307
[2026-03-30 17:57:39] [INFO] Thread 1 log 308
[2026-03-30 17:57:39] [INFO] Thread 1 log 309
[2026-03-30 17:57:39] [INFO] Thread 1 log 310
[2026-03-30 17:57:39] [INFO] Thread 1 log 311
[2026-03-30 17:57:39] [INFO] Thread 1 log 312
[2026-03-30 17:57:39] [INFO] Thread 1 log 313
[2026-03-30 17:57:39] [INFO] Thread 1 log 314
[2026-03-30 17:57:39] [INFO] Thread 1 log 315
[2026-03-30 17:57:39] [INFO] Thread 1 log 316
[2026-03-30 17:57:39] [INFO] Thread 1 log 317
[2026-03-30 17:57:39] [INFO] Thread 1 log 318
[2026-03-30 17:57:39] [INFO] Thread 1 log 319
[2026-03-30 17:57:39] [INFO] Thread 1 log 320
[2026-03-30 17:57:39] [INFO] Thread 1 log 321
[2026-03-30 17:57:39] [INFO] Thread 1 log 322
[2026-03-30 17:57:39] [INFO] Thread 1 log 323
[2026-03-30 17:57:39] [INFO] Thread 1 log 324
[2026-03-30 17:57:39] [INFO] Thread 1 log 325
[2026-03-30 17:57:39] [INFO] Thread 1 log 326
[2026-03-30 17:57:39] [INFO] Thread 1 log 327
[2026-03-30 17:57:39] [INFO] Thread 1 log 328
[2026-03-30 17:57:39] [INFO] Thread 1 log 329
[2026-03-30 17:57:39] [INFO] Thread 1 log 330
[2026-03-30 17:57:39] [INFO] Thread 1 log 331
[2026-03-30 17:57:39] [INFO] Thread 1 log 332
[2026-03-30 17:57:39] [INFO] Thread 1 log 333
[2026-03-30 17:57:39] [INFO] Thread 1 log 334
[2026-03-30 17:57:39] [INFO] Thread 1 log 335
[2026-03-30 17:57:39] [INFO] Thread 1 log 336
[2026-03-30 17:57:39] [INFO] Thread 1 log 337
[2026-03-30 17:57:39] [INFO] Thread 1 log 338
[2026-03-30 17:57:39] [INFO] Thread 1 log 339
[2026-03-30 17:57:39] [INFO] Thread 1 log 340
[2026-03-30 17:57:39] [INFO] Thread 1 log 341
[2026-03-30 17:57:39] [INFO] Thread 1 log 342
[2026-03-30 17:57:39] [INFO] Thread 1 log 343
[2026-03-30 17:57:39] [INFO] Thread 1 log 344
[2026-03-30 17:57:39] [INFO] Thread 1 log 345
[2026-03-30 17:57:39] [INFO] Thread 1 log 346
[2026-03-30 17:57:39] [INFO] Thread 1 log 347
[2026-03-30 17:57:39] [INFO] Thread 1 log 348
[2026-03-30 17:57:39] [INFO] Thread 1 log 349
[2026-03-30 17:57:39] [INFO] Thread 1 log 350
[2026-03-30 17:57:39] [INFO] Thread 1 log 351
[2026-03-30 17:57:39] [INFO] Thread 1 log 352
[2026-03-30 17:57:39] [INFO] Thread 1 log 353
[2026-03-30 17:57:39] [INFO] Thread 1 log 354
[2026-03-30 17:57:39] [INFO] Thread 1 log 355
[2026-03-30 17:57:39] [INFO] Thread 1 log 356
[2026-03-30 17:57:39] [INFO] Thread 1 log 357
[2026-03-30 17:57:39] [INFO] Thread 1 log 358
[2026-03-30 17:57:39] [INFO] Thread 1 log 359
[2026-03-30 17:57:39] [INFO] Thread 1 log 360
[2026-03-30 17:57:39] [INFO] Thread 1 log 361
[2026-03-30 17:57:39] [INFO] Thread 1 log 362
[2026-03-30 17:57:39] [INFO] Thread 1 log 363
[2026-03-30 17:57:39] [INFO] Thread 1 log 364
[2026-03-30 17:57:39] [INFO] Thread 1 log 365
[2026-03-30 17:57:39] [INFO] Thread 1 log 366
[2026-03-30 17:57:39] [INFO] Thread 1 log 367
[2026-03-30 17:57:39] [INFO] Thread 1 log 368
[2026-03-30 17:57:39] [INFO] Thread 1 log 369
[2026-03-30 17:57:39] [INFO] Thread 1 log 370
[2026-03-30 17:57:39] [INFO] Thread 1 log 371
[2026-03-30 17:57:39] [INFO] Thread 1 log 372
[2026-03-30 17:57:39] [INFO] Thread 1 log 373
[2026-03-30 17:57:39] [INFO] Thread 1 log 374
[2026-03-30 17:57:39] [INFO] Thread 1 log 375
[2026-03-30 17:57:39] [INFO] Thread 1 log 376
[2026-03-30 17:57:39] [INFO] Thread 1 log 377
[2026-03-30 17:57:39] [INFO] Thread 1 log 378
[2026-03-30 17:57:39] [INFO] Thread 1 log 379
[2026-03-30 17:57:39] [INFO] Thread 1 log 380
[2026-03-30 17:57:39] [INFO] Thread 1 log 381
[2026-03-30 17:57:39] [INFO] Thread 1 log 382
[2026-03-30 17:57:39] [INFO] Thread 1 log 383
[2026-03-30 17:57:39] [INFO] Thread 1 log 384
[2026-03-30 17:57:39] [INFO] Thread 1 log 385
[2026-03-30 17:57:39] [INFO] Thread 1 log 386
[2026-03-30 17:57:39] [INFO] Thread 1 log 387
[2026-03-30 17:57:39] [INFO] Thread 1 log 388
[2026-03-30 17:57:39] [INFO] Thread 1 log 389
[2026-03-30 17:57:39] [INFO] Thread 1 log 390
[2026-03-30 17:57:39] [INFO] Thread 1 log 391
[2026-03-30 17:57:39] [INFO] Thread 1 log 392
[2026-03-30 17:57:39] [INFO] Thread 1 log 393
[2026-03-30 17:57:39] [INFO] Thread 1 log 394
[2026-03-30 17:57:39] [INFO] Thread 1 log 395
[2026-03-30 17:57:39] [INFO] Thread 1 log 396
[2026-03-30 17:57:39] [INFO] Thread 1 log 397
[2026-03-30 17:57:39] [INFO] Thread 1 log 398
[2026-03-30 17:57:39] [INFO] Thread 1 log 399
[2026-03-30 17:57:39] [INFO] Thread 1 log 400
[2026-03-30 17:57:39] [INFO] Thread 1 log 401
[2026-03-30 17:57:39] [INFO] Thread 1 log 402
[2026-03-30 17:57:39] [INFO] Thread 1 log 403
[2026-03-30 17:57:39] [INFO] Thread 1 log 404
[2026-03-30 17:57:39] [INFO] Thread 1 log 405
[2026-03-30 17:57:39] [INFO] Thread 1 log 406
[2026-03-30 17:57:39] [INFO] Thread 1 log 407
[2026-03-30 17:57:39] [INFO] Thread 1 log 408
[2026-03-30 17:57:39] [INFO] Thread 1 log 409
[2026-03-30 17:57:39] [INFO] Thread 1 log 410
[2026-03-30 17:57:39] [INFO] Thread 1 log 411
[2026-03-30 17:57:39] [INFO] Thread 1 log 412
[2026-03-30 17:57:39] [INFO] Thread 1 log 413
[2026-03-30 17:57:39] [INFO] Thread 1 log 414
[2026-03-30 17:57:39] [INFO] Thread 1 log 415
[2026-03-30 17:57:39] [INFO] Thread 1 log 416
[2026-03-30 17:57:39] [INFO] Thread 1 log 417
[2026-03-30 17:57:39] [INFO] Thread 1 log 418
[2026-03-30 17:57:39] [INFO] Thread 1 log 419
[2026-03-30 17:57:39] [INFO] Thread 1 log 420
[2026-03-30 17:57:39] [INFO] Thread 1 log 421
[2026-03-30 17:57:39] [INFO] Thread 1 log 422
[2026-03-30 17:57:39] [INFO] Thread 1 log 423
[2026-03-30 17:57:39] [INFO] Thread 1 log 424
[2026-03-30 17:57:39] [INFO] Thread 1 log 425
[2026-03-30 17:57:39] [INFO] Thread 1 log 426
[2026-03-30 17:57:39] [INFO] Thread 1 log 427
[2026-03-30 17:57:39] [INFO] Thread 1 log 428
[2026-03-30 17:57:39] [INFO] Thread 1 log 429
[2026-03-30 17:57:39] [INFO] Thread 1 log 430
[2026-03-30 17:57:39] [INFO] Thread 1 log 431
[2026-03-30 17:57:39] [INFO] Thread 1 log 432
[2026-03-30 17:57:39] [INFO] Thread 1 log 433
[2026-03-30 17:57:39] [INFO] Thread 1 log 434
[2026-03-30 17:57:39] [INFO] Thread 1 log 435
[2026-03-30 17:57:39] [INFO] Thread 1 log 436
[2026-03-30 17:57:39] [INFO] Thread 1 log 437
[2026-03-30 17:57:39] [INFO] Thread 1 log 438
[2026-03-30 17:57:39] [INFO] Thread 1 log 439
[2026-03-30 17:57:39] [INFO] Thread 1 log 440
[2026-03-30 17:57:39] [INFO] Thread 1 log 441
[2026-03-30 17:57:39] [INFO] Thread 1 log 442
[2026-03-30 17:57:39] [INFO] Thread 1 log 443
[2026-03-30 17:57:39] [INFO] Thread 1 log 444
[2026-03-30 17:57:39] [INFO] Thread 1 log 445
[2026-03-30 17:57:39] [INFO] Thread 1 log 446
[2026-03-30 17:57:39] [INFO] Thread 1 log 447
[2026-03-30 17:57:39] [INFO] Thread 1 log 448
[2026-03-30 17:57:39] [INFO] Thread 1 log 449
[2026-03-30 17:57:39] [INFO] Thread 1 log 450
[2026-03-30 17:57:39] [INFO] Thread 1 log 451
[2026-03-30 17:57:39] [INFO] Thread 1 log 452
[2026-03-30 17:57:39] [INFO] Thread 1 log 453
[2026-03-30 17:57:39] [INFO] Thread 1 log 454
[2026-03-30 17:57:39] [INFO] Thread 1 log 455
[2026-03-30 17:57:39] [INFO] Thread 1 log 456
[2026-03-30 17:57:39] [INFO] Thread 1 log 457
[2026-03-30 17:57:39] [INFO] Thread 1 log 458
[2026-03-30 17:57:39] [INFO] Thread 1 log 459
[2026-03-30 17:57:39] [INFO] Thread 1 log 460
[2026-03-30 17:57:39] [INFO] Thread 1 log 461
[2026-03-30 17:57:39] [INFO] Thread 1 log 462
[2026-03-30 17:57:39] [INFO] Thread 1 log 463
[2026-03-30 17:57:39] [INFO] Thread 1 log 464
[2026-03-30 17:57:39] [INFO] Thread 1 log 465
[2026-03-30 17:57:39] [INFO] Thread 1 log 466
[2026-03-30 17:57:39] [INFO] Thread 1 log 467
[2026-03-30 17:57:39] [INFO] Thread 1 log 468
[2026-03-30 17:57:39] [INFO] Thread 1 log 469
[2026-03-30 17:57:39] [INFO] Thread 1 log 470
[2026-03-30 17:57:39] [INFO] Thread 1 log 471
[2026-03-30 17:57:39] [INFO] Thread 1 log 472
[2026-03-30 17:57:39] [INFO] Thread 1 log 473
[2026-03-30 17:57:39] [INFO] Thread 1 log 474
[2026-03-30 17:57:39] [INFO] Thread 1 log 475
[2026-03-30 17:57:39] [INFO] Thread 1 log 476
[2026-03-30 17:57:39] [INFO] Thread 1 log 477
[2026-03-30 17:57:39] [INFO] Thread 1 log 478
[2026-03-30 17:57:39] [INFO] Thread 1 log 479
[2026-03-30 17:57:39] [INFO] Thread 1 log 480
[2026-03-30 17:57:39] [INFO] Thread 1 log 481
[2026-03-30 17:57:39] [INFO] Thread 1 log 482
[2026-03-30 17:57:39] [INFO] Thread 1 log 483
[2026-03-30 17:57:39] [INFO] Thread 1 log 484
[2026-03-30 17:57:39] [INFO] Thread 1 log 485
[2026-03-30 17:57:39] [INFO] Thread 1 log 486
[2026-03-30 17:57:39] [INFO] Thread 1 log 487
[2026-03-30 17:57:39] [INFO] Thread 1 log 488
[2026-03-30 17:57:39] [INFO] Thread 1 log 489
[2026-03-30 17:57:39] [INFO] Thread 1 log 490
[2026-03-30 17:57:39] [INFO] Thread 1 log 491
[2026-03-30 17:57:39] [INFO] Thread 1 log 492
[2026-03-30 17:57:39] [INFO] Thread 1 log 493
[2026-03-30 17:57:39] [INFO] Thread 1 log 494
[2026-03-30 17:57:39] [INFO] Thread 1 log 495
[2026-03-30 17:57:39] [INFO] Thread 1 log 496
[2026-03-30 17:57:39] [INFO] Thread 1 log 497
[2026-03-30 17:57:39] [INFO] Thread 1 log 498
[2026-03-30 17:57:39] [INFO] Thread 1 log 499
[2026-03-30 17:57:39] [INFO] Thread 1 log 500
[2026-03-30 17:57:39] [INFO] Thread 1 log 501
[2026-03-30 17:57:39] [INFO] Thread 1 log 502
[2026-03-30 17:57:39] [INFO] Thread 1 log 503
[2026-03-30 17:57:39] [INFO] Thread 1 log 504
[2026-03-30 17:57:39] [INFO] Thread 1 log 505
[2026-03-30 17:57:39] [INFO] Thread 1 log 506
[2026-03-30 17:57:39] [INFO] Thread 1 log 507
[2026-03-30 17:57:39] [INFO] Thread 1 log 508
[2026-03-30 17:57:39] [INFO] Thread 1 log 509
[2026-03-30 17:57:39] [INFO] Thread 1 log 510
[2026-03-30 17:57:39] [INFO] Thread 1 log 511
[2026-03-30 17:57:39] [INFO] Thread 1 log 512
[2026-03-30 17:57:39] [INFO] Thread 1 log 513
[2026-03-30 17:57:39] [INFO] Thread 1 log 514
[2026-03-30 17:57:39] [INFO] Thread 1 log 515
[2026-03-30 17:57:39] [INFO] Thread 1 log 516
[2026-03-30 17:57:39] [INFO] Thread 1 log 517
[2026-03-30 17:57:39] [INFO] Thread 1 log 518
[2026-03-30 17:57:39] [INFO] Thread 1 log 519
[2026-03-30 17:57:39] [INFO] Thread 1 log 520
[2026-03-30 17:57:39] [INFO] Thread 1 log 521
[2026-03-30 17:57:39] [INFO] Thread 1 log 522
[2026-03-30 17:57:39] [INFO] Thread 1 log 523
[2026-03-30 17:57:39] [INFO] Thread 1 log 524
[2026-03-30 17:57:39] [INFO] Thread 1 log 525
[2026-03-30 17:57:39] [INFO] Thread 1 log 526
[2026-03-30 17:57:39] [INFO] Thread 1 log 527
[2026-03-30 17:57:39] [INFO] Thread 1 log 528
[2026-03-30 17:57:39] [INFO] Thread 1 log 529
[2026-03-30 17:57:39] [INFO] Thread 1 log 530
[2026-03-30 17:57:39] [INFO] Thread 1 log 531
[2026-03-30 17:57:39] [INFO] Thread 1 log 532
[2026-03-30 17:57:39] [INFO] Thread 1 log 533
[2026-03-30 17:57:39] [INFO] Thread 1 log 534
[2026-03-30 17:57:39] [INFO] Thread 1 log 535
[2026-03-30 17:57:39] [INFO] Thread 1 log 536
[2026-03-30 17:57:39] [INFO] Thread 1 log 537
[2026-03-30 17:57:39] [INFO] Thread 1 log 538
[2026-03-30 17:57:39] [INFO] Thread 1 log 539
[2026-03-30 17:57:39] [INFO] Thread 1 log 540
[2026-03-30 17:57:39] [INFO] Thread 1 log 541
[2026-03-30 17:57:39] [INFO] Thread 1 log 542
[2026-03-30 17:57:39] [INFO] Thread 1 log 543
[2026-03-30 17:57:39] [INFO] Thread 1 log 544
[2026-03-30 17:57:39] [INFO] Thread 1 log 545
[2026-03-30 17:57:39] [INFO] Thread 1 log 546
[2026-03-30 17:57:39] [INFO] Thread 1 log 547
[2026-03-30 17:57:39] [INFO] Thread 1 log 548
[2026-03-30 17:57:39] [INFO] Thread 1 log 549
[2026-03-30 17:57:39] [INFO] Thread 1 log 550
[2026-03-30 17:57:39] [INFO] Thread 1 log 551
[2026-03-30 17:57:39] [INFO] Thread 1 log 552
[2026-03-30 17:57:39] [INFO] Thread 1 log 553
[2026-03-30 17:57:39] [INFO] Thread 1 log 554
[2026-03-30 17:57:39] [INFO] Thread 1 log 555
[2026-03-30 17:57:39] [INFO] Thread 1 log 556
[2026-03-30 17:57:39] [INFO] Thread 1 log 557
[2026-03-30 17:57:39] [INFO] Thread 1 log 558
[2026-03-30 17:57:39] [INFO] Thread 1 log 559
[2026-03-30 17:57:39] [INFO] Thread 1 log 560
[2026-03-30 17:57:39] [INFO] Thread 1 log 561
[2026-03-30 17:57:39] [INFO] Thread 1 log 562
[2026-03-30 17:57:39] [INFO] Thread 1 log 563
[2026-03-30 17:57:39] [INFO] Thread 1 log 564
[2026-03-30 17:57:39] [INFO] Thread 1 log 565
[2026-03-30 17:57:39] [INFO] Thread 1 log 566
[2026-03-30 17:57:39] [INFO] Thread 1 log 567
[2026-03-30 17:57:39] [INFO] Thread 1 log 568
[2026-03-30 17:57:39] [INFO] Thread 1 log 569
[2026-03-30 17:57:39] [INFO] Thread 1 log 570
[2026-03-30 17:57:39] [INFO] Thread 1 log 571
[2026-03-30 17:57:39] [INFO] Thread 1 log 572
[2026-03-30 17:57:39] [INFO] Thread 1 log 573
[2026-03-30 17:57:39] [INFO] Thread 1 log 574
[2026-03-30 17:57:39] [INFO] Thread 1 log 575
[2026-03-30 17:57:39] [INFO] Thread 1 log 576
[2026-03-30 17:57:39] [INFO] Thread 1 log 577
[2026-03-30 17:57:39] [INFO] Thread 1 log 578
[2026-03-30 17:57:39] [INFO] Thread 1 log 579
[2026-03-30 17:57:39] [INFO] Thread 1 log 580
[2026-03-30 17:57:39] [INFO] Thread 1 log 581
[2026-03-30 17:57:39] [INFO] Thread 1 log 582
[2026-03-30 17:57:39] [INFO] Thread 1 log 583
[2026-03-30 17:57:39] [INFO] Thread 1 log 584
[2026-03-30 17:57:39] [INFO] Thread 1 log 585
[2026-03-30 17:57:39] [INFO] Thread 1 log 586
[2026-03-30 17:57:39] [INFO] Thread 1 log 587
[2026-03-30 17:57:39] [INFO] Thread 1 log 588
[2026-03-30 17:57:39] [INFO] Thread 1 log 589
[2026-03-30 17:57:39] [INFO] Thread 1 log 590
[2026-03-30 17:57:39] [INFO] Thread 1 log 591
[2026-03-30 17:57:39] [INFO] Thread 1 log 592
[2026-03-30 17:57:39] [INFO] Thread 1 log 593
[2026-03-30 17:57:39] [INFO] Thread 1 log 594
[2026-03-30 17:57:39] [INFO] Thread 1 log 595
[2026-03-30 17:57:39] [INFO] Thread 1 log 596
[2026-03-30 17:57:39] [INFO] Thread 1 log 597
[2026-03-30 17:57:39] [INFO] Thread 1 log 598
[2026-03-30 17:57:39] [INFO] Thread 1 log 599
[2026-03-30 17:57:39] [INFO] Thread 1 log 600
[2026-03-30 17:57:39] [INFO] Thread 1 log 601
[2026-03-30 17:57:39] [INFO] Thread 1 log 602
[2026-03-30 17:57:39] [INFO] Thread 1 log 603
[2026-03-30 17:57:39] [INFO] Thread 1 log 604
[2026-03-30 17:57:39] [INFO] Thread 1 log 605
[2026-03-30 17:57:39] [INFO] Thread 1 log 606
[2026-03-30 17:57:39] [INFO] Thread 1 log 607
[2026-03-30 17:57:39] [INFO] Thread 1 log 608
[2026-03-30 17:57:39] [INFO] Thread 1 log 609
[2026-03-30 17:57:39] [INFO] Thread 1 log 610
[2026-03-30 17:57:39] [INFO] Thread 1 log 611
[2026-03-30 17:57:39] [INFO] Thread 1 log 612
[2026-03-30 17:57:39] [INFO] Thread 1 log 613
[2026-03-30 17:57:39] [INFO] Thread 1 log 614
[2026-03-30 17:57:39] [INFO] Thread 1 log 615
[2026-03-30 17:57:39] [INFO] Thread 1 log 616
[2026-03-30 17:57:39] [INFO] Thread 1 log 617
[2026-03-30 17:57:39] [INFO] Thread 1 log 618
[2026-03-30 17:57:39] [INFO] Thread 1 log 619
[2026-03-30 17:57:39] [INFO] Thread 1 log 620
[2026-03-30 17:57:39] [INFO] Thread 1 log 621
[2026-03-30 17:57:39] [INFO] Thread 1 log 622
[2026-03-30 17:57:39] [INFO] Thread 1 log 623
[2026-03-30 17:57:39] [INFO] Thread 1 log 624
[2026-03-30 17:57:39] [INFO] Thread 1 log 625
[2026-03-30 17:57:39] [INFO] Thread 1 log 626
[2026-03-30 17:57:39] [INFO] Thread 1 log 627
[2026-03-30 17:57:39] [INFO] Thread 1 log 628
[2026-03-30 17:57:39] [INFO] Thread 1 log 629
[2026-03-30 17:57:39] [INFO] Thread 1 log 630
[2026-03-30 17:57:39] [INFO] Thread 1 log 631
[2026-03-30 17:57:39] [INFO] Thread 1 log 632
[2026-03-30 17:57:39] [INFO] Thread 1 log 633
[2026-03-30 17:57:39] [INFO] Thread 1 log 634
[2026-03-30 17:57:39] [INFO] Thread 1 log 635
[2026-03-30 17:57:39] [INFO] Thread 1 log 636
[2026-03-30 17:57:39] [INFO] Thread 1 log 637
[2026-03-30 17:57:39] [INFO] Thread 1 log 638
[2026-03-30 17:57:39] [INFO] Thread 1 log 639
[2026-03-30 17:57:39] [INFO] Thread 1 log 640
[2026-03-30 17:57:39] [INFO] Thread 1 log 641
[2026-03-30 17:57:39] [INFO] Thread 1 log 642
[2026-03-30 17:57:39] [INFO] Thread 1 log 643
[2026-03-30 17:57:39] [INFO] Thread 1 log 644
[2026-03-30 17:57:39] [INFO] Thread 1 log 645
[2026-03-30 17:57:39] [INFO] Thread 1 log 646
[2026-03-30 17:57:39] [INFO] Thread 1 log 647
[2026-03-30 17:57:39] [INFO] Thread 1 log 648
[2026-03-30 17:57:39] [INFO] Thread 1 log 649
[2026-03-30 17:57:39] [INFO] Thread 1 log 650
[2026-03-30 17:57:39] [INFO] Thread 1 log 651
[2026-03-30 17:57:39] [INFO] Thread 1 log 652
[2026-03-30 17:57:39] [INFO] Thread 1 log 653
[2026-03-30 17:57:39] [INFO] Thread 1 log 654
[2026-03-30 17:57:39] [INFO] Thread 1 log 655
[2026-03-30 17:57:39] [INFO] Thread 1 log 656
[2026-03-30 17:57:39] [INFO] Thread 1 log 657
[2026-03-30 17:57:39] [INFO] Thread 1 log 658
[2026-03-30 17:57:39] [INFO] Thread 1 log 659
[2026-03-30 17:57:39] [INFO] Thread 1 log 660
[2026-03-30 17:57:39] [INFO] Thread 1 log 661
[2026-03-30 17:57:39] [INFO] Thread 1 log 662
[2026-03-30 17:57:39] [INFO] Thread 1 log 663
[2026-03-30 17:57:39] [INFO] Thread 1 log 664
[2026-03-30 17:57:39] [INFO] Thread 1 log 665
[2026-03-30 17:57:39] [INFO] Thread 1 log 666
[2026-03-30 17:57:39] [INFO] Thread 1 log 667
[2026-03-30 17:57:39] [INFO] Thread 1 log 668
[2026-03-30 17:57:39] [INFO] Thread 1 log 669
[2026-03-30 17:57:39] [INFO] Thread 1 log 670
[2026-03-30 17:57:39] [INFO] Thread 1 log 671
[2026-03-30 17:57:39] [INFO] Thread 1 log 672
[2026-03-30 17:57:39] [INFO] Thread 1 log 673
[2026-03-30 17:57:39] [INFO] Thread 1 log 674
[2026-03-30 17:57:39] [INFO] Thread 1 log 675
[2026-03-30 17:57:39] [INFO] Thread 1 log 676
[2026-03-30 17:57:39] [INFO] Thread 1 log 677
[2026-03-30 17:57:39] [INFO] Thread 1 log 678
[2026-03-30 17:57:39] [INFO] Thread 1 log 679
[2026-03-30 17:57:39] [INFO] Thread 1 log 680
[2026-03-30 17:57:39] [INFO] Thread 1 log 681
[2026-03-30 17:57:39] [INFO] Thread 1 log 682
[2026-03-30 17:57:39] [INFO] Thread 1 log 683
[2026-03-30 17:57:39] [INFO] Thread 1 log 684
[2026-03-30 17:57:39] [INFO] Thread 1 log 685
[2026-03-30 17:57:39] [INFO] Thread 1 log 686
[2026-03-30 17:57:39] [INFO] Thread 1 log 687
[2026-03-30 17:57:39] [INFO] Thread 1 log 688
[2026-03-30 17:57:39] [INFO] Thread 1 log 689
[2026-03-30 17:57:39] [INFO] Thread 1 log 690
[2026-03-30 17:57:39] [INFO] Thread 1 log 691
[2026-03-30 17:57:39] [INFO] Thread 1 log 692
[2026-03-30 17:57:39] [INFO] Thread 1 log 693
[2026-03-30 17:57:39] [INFO] Thread 1 log 694
[2026-03-30 17:57:39] [INFO] Thread 1 log 695
[2026-03-30 17:57:39] [INFO] Thread 1 log 696
[2026-03-30 17:57:39] [INFO] Thread 1 log 697
[2026-03-30 17:57:39] [INFO] Thread 1 log 698
[2026-03-30 17:57:39] [INFO] Thread 1 log 699
[2026-03-30 17:57:39] [INFO] Thread 1 log 700
[2026-03-30 17:57:39] [INFO] Thread 1 log 701
[2026-03-30 17:57:39] [INFO] Thread 1 log 702
[2026-03-30 17:57:39] [INFO] Thread 1 log 703
[2026-03-30 17:57:39] [INFO] Thread 1 log 704
[2026-03-30 17:57:39] [INFO] Thread 1 log 705
[2026-03-30 17:57:39] [INFO] Thread 1 log 706
[2026-03-30 17:57:39] [INFO] Thread 1 log 707
[2026-03-30 17:57:39] [INFO] Thread 1 log 708
[2026-03-30 17:57:39] [INFO] Thread 1 log 709
[2026-03-30 17:57:39] [INFO] Thread 1 log 710
[2026-03-30 17:57:39] [INFO] Thread 1 log 711
[2026-03-30 17:57:39] [INFO] Thread 1 log 712
[2026-03-30 17:57:39] [INFO] Thread 1 log 713
[2026-03-30 17:57:39] [INFO] Thread 1 log 714
[2026-03-30 17:57:39] [INFO] Thread 1 log 715
[2026-03-30 17:57:39] [INFO] Thread 1 log 716
[2026-03-30 17:57:39] [INFO] Thread 1 log 717
[2026-03-30 17:57:39] [INFO] Thread 1 log 718
[2026-03-30 17:57:39] [INFO] Thread 1 log 719
[2026-03-30 17:57:39] [INFO] Thread 1 log 720
[2026-03-30 17:57:39] [INFO] Thread 1 log 721
[2026-03-30 17:57:39] [INFO] Thread 1 log 722
[2026-03-30 17:57:39] [INFO] Thread 1 log 723
[2026-03-30 17:57:39] [INFO] Thread 1 log 724
[2026-03-30 17:57:39] [INFO] Thread 1 log 725
[2026-03-30 17:57:39] [INFO] Thread 1 log 726
[2026-03-30 17:57:39] [INFO] Thread 1 log 727
[2026-03-30 17:57:39] [INFO] Thread 1 log 728
[2026-03-30 17:57:39] [INFO] Thread 1 log 729
[2026-03-30 17:57:39] [INFO] Thread 1 log 730
[2026-03-30 17:57:39] [INFO] Thread 1 log 731
[2026-03-30 17:57:39] [INFO] Thread 1 log 732
[2026-03-30 17:57:39] [INFO] Thread 1 log 733
[2026-03-30 17:57:39] [INFO] Thread 1 log 734
[2026-03-30 17:57:39] [INFO] Thread 1 log 735
[2026-03-30 17:57:39] [INFO] Thread 1 log 736
[2026-03-30 17:57:39] [INFO] Thread 1 log 737
[2026-03-30 17:57:39] [INFO] Thread 1 log 738
[2026-03-30 17:57:39] [INFO] Thread 1 log 739
[2026-03-30 17:57:39] [INFO] Thread 1 log 740
[2026-03-30 17:57:39] [INFO] Thread 1 log 741
[2026-03-30 17:57:39] [INFO] Thread 1 log 742
[2026-03-30 17:57:39] [INFO] Thread 1 log 743
[2026-03-30 17:57:39] [INFO] Thread 1 log 744
[2026-03-30 17:57:39] [INFO] Thread 1 log 745
[2026-03-30 17:57:39] [INFO] Thread 1 log 746
[2026-03-30 17:57:39] [INFO] Thread 1 log 747
[2026-03-30 17:57:39] [INFO] Thread 1 log 748
[2026-03-30 17:57:39] [INFO] Thread 1 log 749
[2026-03-30 17:57:39] [INFO] Thread 1 log 750
[2026-03-30 17:57:39] [INFO] Thread 1 log 751
[2026-03-30 17:57:39] [INFO] Thread 1 log 752
[2026-03-30 17:57:39] [INFO] Thread 1 log 753
[2026-03-30 17:57:39] [INFO] Thread 1 log 754
[2026-03-30 17:57:39] [INFO] Thread 1 log 755
[2026-03-30 17:57:39] [INFO] Thread 1 log 756
[2026-03-30 17:57:39] [INFO] Thread 1 log 757
[2026-03-30 17:57:39] [INFO] Thread 1 log 758
[2026-03-30 17:57:39] [INFO] Thread 1 log 759
[2026-03-30 17:57:39] [INFO] Thread 1 log 760
[2026-03-30 17:57:39] [INFO] Thread 1 log 761
[2026-03-30 17:57:39] [INFO] Thread 1 log 762
[2026-03-30 17:57:39] [INFO] Thread 1 log 763
[2026-03-30 17:57:39] [INFO] Thread 1 log 764
[2026-03-30 17:57:39] [INFO] Thread 1 log 765
[2026-03-30 17:57:39] [INFO] Thread 1 log 766
[2026-03-30 17:57:39] [INFO] Thread 1 log 767
[2026-03-30 17:57:39] [INFO] Thread 1 log 768
[2026-03-30 17:57:39] [INFO] Thread 1 log 769
[2026-03-30 17:57:39] [INFO] Thread 1 log 770
[2026-03-30 17:57:39] [INFO] Thread 1 log 771
[2026-03-30 17:57:39] [INFO] Thread 1 log 772
[2026-03-30 17:57:39] [INFO] Thread 1 log 773
[2026-03-30 17:57:39] [INFO] Thread 1 log 774
[2026-03-30 17:57:39] [INFO] Thread 1 log 775
[2026-03-30 17:57:39] [INFO] Thread 1 log 776
[2026-03-30 17:57:39] [INFO] Thread 1 log 777
[2026-03-30 17:57:39] [INFO] Thread 1 log 778
[2026-03-30 17:57:39] [INFO] Thread 1 log 779
[2026-03-30 17:57:39] [INFO] Thread 1 log 780
[2026-03-30 17:57:39] [INFO] Thread 1 log 781
[2026-03-30 17:57:39] [INFO] Thread 1 log 782
[2026-03-30 17:57:39] [INFO] Thread 1 log 783
[2026-03-30 17:57:39] [INFO] Thread 1 log 784
[2026-03-30 17:57:39] [INFO] Thread 1 log 785
[2026-03-30 17:57:39] [INFO] Thread 1 log 786
[2026-03-30 17:57:39] [INFO] Thread 1 log 787
[2026-03-30 17:57:39] [INFO] Thread 1 log 788
[2026-03-30 17:57:39] [INFO] Thread 1 log 789
[2026-03-30 17:57:39] [INFO] Thread 1 log 790
[2026-03-30 17:57:39] [INFO] Thread 1 log 791
[2026-03-30 17:57:39] [INFO] Thread 1 log 792
[2026-03-30 17:57:39] [INFO] Thread 1 log 793
[2026-03-30 17:57:39] [INFO] Thread 1 log 794
[2026-03-30 17:57:39] [INFO] Thread 1 log 795
[2026-03-30 17:57:39] [INFO] Thread 1 log 796
[2026-03-30 17:57:39] [INFO] Thread 1 log 797
[2026-03-30 17:57:39] [INFO] Thread 1 log 798
[2026-03-30 17:57:39] [INFO] Thread 1 log 799
[2026-03-30 17:57:39] [INFO] Thread 1 log 800
[2026-03-30 17:57:39] [INFO] Thread 1 log 801
[2026-03-30 17:57:39] [INFO] Thread 1 log 802
[2026-03-30 17:57:39] [INFO] Thread 1 log 803
[2026-03-30 17:57:39] [INFO] Thread 1 log 804
[2026-03-30 17:57:39] [INFO] Thread 1 log 805
[2026-03-30 17:57:39] [INFO] Thread 1 log 806
[2026-03-30 17:57:39] [INFO] Thread 1 log 807
[2026-03-30 17:57:39] [INFO] Thread 1 log 808
[2026-03-30 17:57:39] [INFO] Thread 1 log 809
[2026-03-30 17:57:39] [INFO] Thread 1 log 810
[2026-03-30 17:57:39] [INFO] Thread 1 log 811
[2026-03-30 17:57:39] [INFO] Thread 1 log 812
[2026-03-30 17:57:39] [INFO] Thread 1 log 813
[2026-03-30 17:57:39] [INFO] Thread 1 log 814
[2026-03-30 17:57:39] [INFO] Thread 1 log 815
[2026-03-30 17:57:39] [INFO] Thread 1 log 816
[2026-03-30 17:57:39] [INFO] Thread 1 log 817
[2026-03-30 17:57:39] [INFO] Thread 1 log 818
[2026-03-30 17:57:39] [INFO] Thread 1 log 819
[2026-03-30 17:57:39] [INFO] Thread 1 log 820
[2026-03-30 17:57:39] [INFO] Thread 1 log 821
[2026-03-30 17:57:39] [INFO] Thread 1 log 822
[2026-03-30 17:57:39] [INFO] Thread 1 log 823
[2026-03-30 17:57:39] [INFO] Thread 1 log 824
[2026-03-30 17:57:39] [INFO] Thread 1 log 825
[2026-03-30 17:57:39] [INFO] Thread 1 log 826
[2026-03-30 17:57:39] [INFO] Thread 1 log 827
[2026-03-30 17:57:39] [INFO] Thread 1 log 828
[2026-03-30 17:57:39] [INFO] Thread 1 log 829
[2026-03-30 17:57:39] [INFO] Thread 1 log 830
[2026-03-30 17:57:39] [INFO] Thread 1 log 831
[2026-03-30 17:57:39] [INFO] Thread 1 log 832
[2026-03-30 17:57:39] [INFO] Thread 1 log 833
[2026-03-30 17:57:39] [INFO] Thread 1 log 834
[2026-03-30 17:57:39] [INFO] Thread 1 log 835
[2026-03-30 17:57:39] [INFO] Thread 1 log 836
[2026-03-30 17:57:39] [INFO] Thread 1 log 837
[2026-03-30 17:57:39] [INFO] Thread 1 log 838
[2026-03-30 17:57:39] [INFO] Thread 1 log 839
[2026-03-30 17:57:39] [INFO] Thread 1 log 840
[2026-03-30 17:57:39] [INFO] Thread 1 log 841
[2026-03-30 17:57:39] [INFO] Thread 1 log 842
[2026-03-30 17:57:39] [INFO] Thread 1 log 843
[2026-03-30 17:57:39] [INFO] Thread 1 log 844
[2026-03-30 17:57:39] [INFO] Thread 1 log 845
[2026-03-30 17:57:39] [INFO] Thread 1 log 846
[2026-03-30 17:57:39] [INFO] Thread 1 log 847
[2026-03-30 17:57:39] [INFO] Thread 1 log 848
[2026-03-30 17:57:39] [INFO] Thread 1 log 849
[2026-03-30 17:57:39] [INFO] Thread 1 log 850
[2026-03-30 17:57:39] [INFO] Thread 1 log 851
[2026-03-30 17:57:39] [INFO] Thread 1 log 852
[2026-03-30 17:57:39] [INFO] Thread 1 log 853
[2026-03-30 17:57:39] [INFO] Thread 1 log 854
[2026-03-30 17:57:39] [INFO] Thread 1 log 855
[2026-03-30 17:57:39] [INFO] Thread 1 log 856
[2026-03-30 17:57:39] [INFO] Thread 1 log 857
[2026-03-30 17:57:39] [INFO] Thread 1 log 858
[2026-03-30 17:57:39] [INFO] Thread 1 log 859
[2026-03-30 17:57:39] [INFO] Thread 1 log 860
[2026-03-30 17:57:39] [INFO] Thread 1 log 861
[2026-03-30 17:57:39] [INFO] Thread 1 log 862
[2026-03-30 17:57:39] [INFO] Thread 1 log 863
[2026-03-30 17:57:39] [INFO] Thread 1 log 864
[2026-03-30 17:57:39] [INFO] Thread 1 log 865
[2026-03-30 17:57:39] [INFO] Thread 1 log 866
[2026-03-30 17:57:39] [INFO] Thread 1 log 867
[2026-03-30 17:57:39] [INFO] Thread 1 log 868
[2026-03-30 17:57:39] [INFO] Thread 1 log 869
[2026-03-30 17:57:39] [INFO] Thread 1 log 870
[2026-03-30 17:57:39] [INFO] Thread 1 log 871
[2026-03-30 17:57:39] [INFO] Thread 1 log 872
[2026-03-30 17:57:39] [INFO] Thread 1 log 873
[2026-03-30 17:57:39] [INFO] Thread 1 log 874
[2026-03-30 17:57:39] [INFO] Thread 1 log 875
[2026-03-30 17:57:39] [INFO] Thread 1 log 876
[2026-03-30 17:57:39] [INFO] Thread 1 log 877
[2026-03-30 17:57:39] [INFO] Thread 1 log 878
[2026-03-30 17:57:39] [INFO] Thread 1 log 879
[2026-03-30 17:57:39] [INFO] Thread 1 log 880
[2026-03-30 17:57:39] [INFO] Thread 1 log 881
[2026-03-30 17:57:39] [INFO] Thread 1 log 882
[2026-03-30 17:57:39] [INFO] Thread 1 log 883
[2026-03-30 17:57:39] [INFO] Thread 1 log 884
[2026-03-30 17:57:39] [INFO] Thread 1 log 885
[2026-03-30 17:57:39] [INFO] Thread 1 log 886
[2026-03-30 17:57:39] [INFO] Thread 1 log 887
[2026-03-30 17:57:39] [INFO] Thread 1 log 888
[2026-03-30 17:57:39] [INFO] Thread 1 log 889
[2026-03-30 17:57:39] [INFO] Thread 1 log 890
[2026-03-30 17:57:39] [INFO] Thread 1 log 891
[2026-03-30 17:57:39] [INFO] Thread 1 log 892
[2026-03-30 17:57:39] [INFO] Thread 1 log 893
[2026-03-30 17:57:39] [INFO] Thread 1 log 894
[2026-03-30 17:57:39] [INFO] Thread 1 log 895
[2026-03-30 17:57:39] [INFO] Thread 1 log 896
[2026-03-30 17:57:39] [INFO] Thread 1 log 897
[2026-03-30 17:57:39] [INFO] Thread 1 log 898
[2026-03-30 17:57:39] [INFO] Thread 1 log 899
[2026-03-30 17:57:39] [INFO] Thread 1 log 900
[2026-03-30 17:57:39] [INFO] Thread 1 log 901
[2026-03-30 17:57:39] [INFO] Thread 1 log 902
[2026-03-30 17:57:39] [INFO] Thread 1 log 903
[2026-03-30 17:57:39] [INFO] Thread 1 log 904
[2026-03-30 17:57:39] [INFO] Thread 1 log 905
[2026-03-30 17:57:39] [INFO] Thread 1 log 906
[2026-03-30 17:57:39] [INFO] Thread 1 log 907
[2026-03-30 17:57:39] [INFO] Thread 1 log 908
[2026-03-30 17:57:39] [INFO] Thread 1 log 909
[2026-03-30 17:57:39] [INFO] Thread 1 log 910
[2026-03-30 17:57:39] [INFO] Thread 1 log 911
[2026-03-30 17:57:39] [INFO] Thread 1 log 912
[2026-03-30 17:57:39] [INFO] Thread 1 log 913
[2026-03-30 17:57:39] [INFO] Thread 1 log 914
[2026-03-30 17:57:39] [INFO] Thread 1 log 915
[2026-03-30 17:57:39] [INFO] Thread 1 log 916
[2026-03-30 17:57:39] [INFO] Thread 1 log 917
[2026-03-30 17:57:39] [INFO] Thread 1 log 918
[2026-03-30 17:57:39] [INFO] Thread 1 log 919
[2026-03-30 17:57:39] [INFO] Thread 1 log 920
[2026-03-30 17:57:39] [INFO] Thread 1 log 921
[2026-03-30 17:57:39] [INFO] Thread 1 log 922
[2026-03-30 17:57:39] [INFO] Thread 1 log 923
[2026-03-30 17:57:39] [INFO] Thread 1 log 924
[2026-03-30 17:57:39] [INFO] Thread 1 log 925
[2026-03-30 17:57:39] [INFO] Thread 1 log 926
[2026-03-30 17:57:39] [INFO] Thread 1 log 927
[2026-03-30 17:57:39] [INFO] Thread 1 log 928
[2026-03-30 17:57:39] [INFO] Thread 1 log 929
[2026-03-30 17:57:39] [INFO] Thread 1 log 930
[2026-03-30 17:57:39] [INFO] Thread 1 log 931
[2026-03-30 17:57:39] [INFO] Thread 1 log 932
[2026-03-30 17:57:39] [INFO] Thread 1 log 933
[2026-03-30 17:57:39] [INFO] Thread 1 log 934
[2026-03-30 17:57:39] [INFO] Thread 1 log 935
[2026-03-30 17:57:39] [INFO] Thread 1 log 936
[2026-03-30 17:57:39] [INFO] Thread 1 log 937
[2026-03-30 17:57:39] [INFO] Thread 1 log 938
[2026-03-30 17:57:39] [INFO] Thread 1 log 939
[2026-03-30 17:57:39] [INFO] Thread 1 log 940
[2026-03-30 17:57:39] [INFO] Thread 1 log 941
[2026-03-30 17:57:39] [INFO] Thread 1 log 942
[2026-03-30 17:57:39] [INFO] Thread 1 log 943
[2026-03-30 17:57:39] [INFO] Thread 1 log 944
[2026-03-30 17:57:39] [INFO] Thread 1 log 945
[2026-03-30 17:57:39] [INFO] Thread 1 log 946
[2026-03-30 17:57:39] [INFO] Thread 1 log 947
[2026-03-30 17:57:39] [INFO] Thread 1 log 948
[2026-03-30 17:57:39] [INFO] Thread 1 log 949
[2026-03-30 17:57:39] [INFO] Thread 1 log 950
[2026-03-30 17:57:39] [INFO] Thread 1 log 951
[2026-03-30 17:57:39] [INFO] Thread 1 log 952
[2026-03-30 17:57:39] [INFO] Thread 1 log 953
[2026-03-30 17:57:39] [INFO] Thread 1 log 954
[2026-03-30 17:57:39] [INFO] Thread 1 log 955
[2026-03-30 17:57:39] [INFO] Thread 1 log 956
[2026-03-30 17:57:39] [INFO] Thread 1 log 957
[2026-03-30 17:57:39] [INFO] Thread 1 log 958
[2026-03-30 17:57:39] [INFO] Thread 1 log 959
[2026-03-30 17:57:39] [INFO] Thread 1 log 960
[2026-03-30 17:57:39] [INFO] Thread 1 log 961
[2026-03-30 17:57:39] [INFO] Thread 1 log 962
[2026-03-30 17:57:39] [INFO] Thread 1 log 963
[2026-03-30 17:57:39] [INFO] Thread 1 log 964
[2026-03-30 17:57:39] [INFO] Thread 1 log 965
[2026-03-30 17:57:39] [INFO] Thread 1 log 966
[2026-03-30 17:57:39] [INFO] Thread 1 log 967
[2026-03-30 17:57:39] [INFO] Thread 1 log 968
[2026-03-30 17:57:39] [INFO] Thread 1 log 969
[2026-03-30 17:57:39] [INFO] Thread 1 log 970
[2026-03-30 17:57:39] [INFO] Thread 1 log 971
[2026-03-30 17:57:39] [INFO] Thread 1 log 972
[2026-03-30 17:57:39] [INFO] Thread 1 log 973
[2026-03-30 17:57:39] [INFO] Thread 1 log 974
[2026-03-30 17:57:39] [INFO] Thread 1 log 975
[2026-03-30 17:57:39] [INFO] Thread 1 log 976
[2026-03-30 17:57:39] [INFO] Thread 1 log 977
[2026-03-30 17:57:39] [INFO] Thread 1 log 978
[2026-03-30 17:57:39] [INFO] Thread 1 log 979
[2026-03-30 17:57:39] [INFO] Thread 1 log 980
[2026-03-30 17:57:39] [INFO] Thread 1 log 981
[2026-03-30 17:57:39] [INFO] Thread 1 log 982
[2026-03-30 17:57:39] [INFO] Thread 1 log 983
[2026-03-30 17:57:39] [INFO] Thread 1 log 984
[2026-03-30 17:57:39] [INFO] Thread 1 log 985
[2026-03-30 17:57:39] [INFO] Thread 1 log 986
[2026-03-30 17:57:39] [INFO] Thread 1 log 987
[2026-03-30 17:57:39] [INFO] Thread 1 log 988
[2026-03-30 17:57:39] [INFO] Thread 1 log 989
[2026-03-30 17:57:39] [INFO] Thread 1 log 990
[2026-03-30 17:57:39] [INFO] Thread 1 log 991
[2026-03-30 17:57:39] [INFO] Thread 1 log 992
[2026-03-30 17:57:39] [INFO] Thread 1 log 993
[2026-03-30 17:57:39] [INFO] Thread 1 log 994
[2026-03-30 17:57:39] [INFO] Thread 1 log 995
[2026-03-30 17:57:39] [INFO] Thread 1 log 996
[2026-03-30 17:57:39] [INFO] Thread 1 log 997
[2026-03-30 17:57:39] [INFO] Thread 1 log 998
[2026-03-30 17:57:39] [INFO] Thread 1 log 999
[2026-03-30 17:57:39] [INFO] Thread 2 log 221
[2026-03-30 17:57:39] [INFO] Thread 2 log 222
[2026-03-30 17:57:39] [INFO] Thread 2 log 223
[2026-03-30 17:57:39] [INFO] Thread 2 log 224
[2026-03-30 17:57:39] [INFO] Thread 2 log 225
[2026-03-30 17:57:39] [INFO] Thread 2 log 226
[2026-03-30 17:57:39] [INFO] Thread 2 log 227
[2026-03-30 17:57:39] [INFO] Thread 2 log 228
[2026-03-30 17:57:39] [INFO] Thread 2 log 229
[2026-03-30 17:57:39] [INFO] Thread 2 log 230
[2026-03-30 17:57:39] [INFO] Thread 2 log 231
[2026-03-30 17:57:39] [INFO] Thread 2 log 232
[2026-03-30 17:57:39] [INFO] Thread 2 log 233
[2026-03-30 17:57:39] [INFO] Thread 2 log 234
[2026-03-30 17:57:39] [INFO] Thread 2 log 235
[2026-03-30 17:57:39] [INFO] Thread 2 log 236
[2026-03-30 17:57:39] [INFO] Thread 2 log 237
[2026-03-30 17:57:39] [INFO] Thread 2 log 238
[2026-03-30 17:57:39] [INFO] Thread 2 log 239
[2026-03-30 17:57:39] [INFO] Thread 2 log 240
[2026-03-30 17:57:39] [INFO] Thread 2 log 241
[2026-03-30 17:57:39] [INFO] Thread 2 log 242
[2026-03-30 17:57:39] [INFO] Thread 2 log 243
[2026-03-30 17:57:39] [INFO] Thread 2 log 244
[2026-03-30 17:57:39] [INFO] Thread 2 log 245
[2026-03-30 17:57:39] [INFO] Thread 2 log 246
[2026-03-30 17:57:39] [INFO] Thread 2 log 247
[2026-03-30 17:57:39] [INFO] Thread 2 log 248
[2026-03-30 17:57:39] [INFO] Thread 2 log 249
[2026-03-30 17:57:39] [INFO] Thread 2 log 250
[2026-03-30 17:57:39] [INFO] Thread 2 log 251
[2026-03-30 17:57:39] [INFO] Thread 2 log 252
[2026-03-30 17:57:39] [INFO] Thread 2 log 253
[2026-03-30 17:57:39] [INFO] Thread 2 log 254
[2026-03-30 17:57:39] [INFO] Thread 2 log 255
[2026-03-30 17:57:39] [INFO] Thread 2 log 256
[2026-03-30 17:57:39] [INFO] Thread 2 log 257
[2026-03-30 17:57:39] [INFO] Thread 2 log 258
[2026-03-30 17:57:39] [INFO] Thread 2 log 259
[2026-03-30 17:57:39] [INFO] Thread 2 log 260
[2026-03-30 17:57:39] [INFO] Thread 2 log 261
[2026-03-30 17:57:39] [INFO] Thread 2 log 262
[2026-03-30 17:57:39] [INFO] Thread 2 log 263
[2026-03-30 17:57:39] [INFO] Thread 2 log 264
[2026-03-30 17:57:39] [INFO] Thread 2 log 265
[2026-03-30 17:57:39] [INFO] Thread 2 log 266
[2026-03-30 17:57:39] [INFO] Thread 2 log 267
[2026-03-30 17:57:39] [INFO] Thread 2 log 268
[2026-03-30 17:57:39] [INFO] Thread 2 log 269
[2026-03-30 17:57:39] [INFO] Thread 2 log 270
[2026-03-30 17:57:39] [INFO] Thread 2 log 271
[2026-03-30 17:57:39] [INFO] Thread 2 log 272
[2026-03-30 17:57:39] [INFO] Thread 2 log 273
[2026-03-30 17:57:39] [INFO] Thread 2 log 274
[2026-03-30 17:57:39] [INFO] Thread 2 log 275
[2026-03-30 17:57:39] [INFO] Thread 2 log 276
[2026-03-30 17:57:39] [INFO] Thread 2 log 277
[2026-03-30 17:57:39] [INFO] Thread 2 log 278
[2026-03-30 17:57:39] [INFO] Thread 2 log 279
[2026-03-30 17:57:39] [INFO] Thread 2 log 280
[2026-03-30 17:57:39] [INFO] Thread 2 log 281
[2026-03-30 17:57:39] [INFO] Thread 2 log 282
[2026-03-30 17:57:39] [INFO] Thread 2 log 283
[2026-03-30 17:57:39] [INFO] Thread 2 log 284
[2026-03-30 17:57:39] [INFO] Thread 2 log 285
[2026-03-30 17:57:39] [INFO] Thread 2 log 286
[2026-03-30 17:57:39] [INFO] Thread 2 log 287
[2026-03-30 17:57:39] [INFO] Thread 2 log 288
[2026-03-30 17:57:39] [INFO] Thread 2 log 289
[2026-03-30 17:57:39] [INFO] Thread 2 log 290
[2026-03-30 17:57:39] [INFO] Thread 2 log 291
[2026-03-30 17:57:39] [INFO] Thread 2 log 292
[2026-03-30 17:57:39] [INFO] Thread 2 log 293
[2026-03-30 17:57:39] [INFO] Thread 2 log 294
[2026-03-30 17:57:39] [INFO] Thread 2 log 295
[2026-03-30 17:57:39] [INFO] Thread 2 log 296
[2026-03-30 17:57:39] [INFO] Thread 2 log 297
[2026-03-30 17:57:39] [INFO] Thread 2 log 298
[2026-03-30 17:57:39] [INFO] Thread 2 log 299
[2026-03-30 17:57:39] [INFO] Thread 2 log 300
[2026-03-30 17:57:39] [INFO] Thread 2 log 301
[2026-03-30 17:57:39] [INFO] Thread 2 log 302
[2026-03-30 17:57:39] [INFO] Thread 2 log 303
[2026-03-30 17:57:39] [INFO] Thread 2 log 304
[2026-03-30 17:57:39] [INFO] Thread 2 log 305
[2026-03-30 17:57:39] [INFO] Thread 2 log 306
[2026-03-30 17:57:39] [INFO] Thread 2 log 307
[2026-03-30 17:57:39] [INFO] Thread 2 log 308
[2026-03-30 17:57:39] [INFO] Thread 2 log 309
[2026-03-30 17:57:39] [INFO] Thread 2 log 310
[2026-03-30 17:57:39] [INFO] Thread 2 log 311
[2026-03-30 17:57:39] [INFO] Thread 2 log 312
[2026-03-30 17:57:39] [INFO] Thread 2 log 313
[2026-03-30 17:57:39] [INFO] Thread 2 log 314
[2026-03-30 17:57:39] [INFO] Thread 2 log 315
[2026-03-30 17:57:39] [INFO] Thread 2 log 316
[2026-03-30 17:57:39] [INFO] Thread 2 log 317
[2026-03-30 17:57:39] [INFO] Thread 2 log 318
[2026-03-30 17:57:39] [INFO] Thread 2 log 319
[2026-03-30 17:57:39] [INFO] Thread 2 log 320
[2026-03-30 17:57:39] [INFO] Thread 2 log 321
[2026-03-30 17:57:39] [INFO] Thread 2 log 322
[2026-03-30 17:57:39] [INFO] Thread 2 log 323
[2026-03-30 17:57:39] [INFO] Thread 2 log 324
[2026-03-30 17:57:39] [INFO] Thread 2 log 325
[2026-03-30 17:57:39] [INFO] Thread 2 log 326
[2026-03-30 17:57:39] [INFO] Thread 2 log 327
[2026-03-30 17:57:39] [INFO] Thread 2 log 328
[2026-03-30 17:57:39] [INFO] Thread 2 log 329
[2026-03-30 17:57:39] [INFO] Thread 2 log 330
[2026-03-30 17:57:39] [INFO] Thread 2 log 331
[2026-03-30 17:57:39] [INFO] Thread 2 log 332
[2026-03-30 17:57:39] [INFO] Thread 2 log 333
[2026-03-30 17:57:39] [INFO] Thread 2 log 334
[2026-03-30 17:57:39] [INFO] Thread 2 log 335
[2026-03-30 17:57:39] [INFO] Thread 2 log 336
[2026-03-30 17:57:39] [INFO] Thread 2 log 337
[2026-03-30 17:57:39] [INFO] Thread 2 log 338
[2026-03-30 17:57:39] [INFO] Thread 2 log 339
[2026-03-30 17:57:39] [INFO] Thread 2 log 340
[2026-03-30 17:57:39] [INFO] Thread 2 log 341
[2026-03-30 17:57:39] [INFO] Thread 2 log 342
[2026-03-30 17:57:39] [INFO] Thread 2 log 343
[2026-03-30 17:57:39] [INFO] Thread 2 log 344
[2026-03-30 17:57:39] [INFO] Thread 2 log 345
[2026-03-30 17:57:39] [INFO] Thread 2 log 346
[2026-03-30 17:57:39] [INFO] Thread 2 log 347
[2026-03-30 17:57:39] [INFO] Thread 2 log 348
[2026-03-30 17:57:39] [INFO] Thread 2 log 349
[2026-03-30 17:57:39] [INFO] Thread 2 log 350
[2026-03-30 17:57:39] [INFO] Thread 2 log 351
[2026-03-30 17:57:39] [INFO] Thread 2 log 352
[2026-03-30 17:57:39] [INFO] Thread 2 log 353
[2026-03-30 17:57:39] [INFO] Thread 2 log 354
[2026-03-30 17:57:39] [INFO] Thread 2 log 355
[2026-03-30 17:57:39] [INFO] Thread 2 log 356
[2026-03-30 17:57:39] [INFO] Thread 2 log 357
[2026-03-30 17:57:39] [INFO] Thread 2 log 358
[2026-03-30 17:57:39] [INFO] Thread 2 log 359
[2026-03-30 17:57:39] [INFO] Thread 2 log 360
[2026-03-30 17:57:39] [INFO] Thread 2 log 361
[2026-03-30 17:57:39] [INFO] Thread 2 log 362
[2026-03-30 17:57:39] [INFO] Thread 2 log 363
[2026-03-30 17:57:39] [INFO] Thread 2 log 364
[2026-03-30 17:57:39] [INFO] Thread 2 log 365
[2026-03-30 17:57:39] [INFO] Thread 2 log 366
[2026-03-30 17:57:39] [INFO] Thread 2 log 367
[2026-03-30 17:57:39] [INFO] Thread 2 log 368
[2026-03-30 17:57:39] [INFO] Thread 2 log 369
[2026-03-30 17:57:39] [INFO] Thread 2 log 370
[2026-03-30 17:57:39] [INFO] Thread 2 log 371
[2026-03-30 17:57:39] [INFO] Thread 2 log 372
[2026-03-30 17:57:39] [INFO] Thread 2 log 373
[2026-03-30 17:57:39] [INFO] Thread 2 log 374
[2026-03-30 17:57:39] [INFO] Thread 2 log 375
[2026-03-30 17:57:39] [INFO] Thread 2 log 376
[2026-03-30 17:57:39] [INFO] Thread 2 log 377
[2026-03-30 17:57:39] [INFO] Thread 2 log 378
[2026-03-30 17:57:39] [INFO] Thread 2 log 379
[2026-03-30 17:57:39] [INFO] Thread 2 log 380
[2026-03-30 17:57:39] [INFO] Thread 2 log 381
[2026-03-30 17:57:39] [INFO] Thread 2 log 382
[2026-03-30 17:57:39] [INFO] Thread 2 log 383
[2026-03-30 17:57:39] [INFO] Thread 2 log 384
[2026-03-30 17:57:39] [INFO] Thread 2 log 385
[2026-03-30 17:57:39] [INFO] Thread 2 log 386
[2026-03-30 17:57:39] [INFO] Thread 2 log 387
[2026-03-30 17:57:39] [INFO] Thread 2 log 388
[2026-03-30 17:57:39] [INFO] Thread 2 log 389
[2026-03-30 17:57:39] [INFO] Thread 2 log 390
[2026-03-30 17:57:39] [INFO] Thread 2 log 391
[2026-03-30 17:57:39] [INFO] Thread 2 log 392
[2026-03-30 17:57:39] [INFO] Thread 2 log 393
[2026-03-30 17:57:39] [INFO] Thread 2 log 394
[2026-03-30 17:57:39] [INFO] Thread 2 log 395
[2026-03-30 17:57:39] [INFO] Thread 2 log 396
[2026-03-30 17:57:39] [INFO] Thread 2 log 397
[2026-03-30 17:57:39] [INFO] Thread 2 log 398
[2026-03-30 17:57:39] [INFO] Thread 2 log 399
[2026-03-30 17:57:39] [INFO] Thread 2 log 400
[2026-03-30 17:57:39] [INFO] Thread 2 log 401
[2026-03-30 17:57:39] [INFO] Thread 2 log 402
[2026-03-30 17:57:39] [INFO] Thread 2 log 403
[2026-03-30 17:57:39] [INFO] Thread 2 log 404
[2026-03-30 17:57:39] [INFO] Thread 2 log 405
[2026-03-30 17:57:39] [INFO] Thread 2 log 406
[2026-03-30 17:57:39] [INFO] Thread 2 log 407
[2026-03-30 17:57:39] [INFO] Thread 2 log 408
[2026-03-30 17:57:39] [INFO] Thread 2 log 409
[2026-03-30 17:57:39] [INFO] Thread 2 log 410
[2026-03-30 17:57:39] [INFO] Thread 2 log 411
[2026-03-30 17:57:39] [INFO] Thread 2 log 412
[2026-03-30 17:57:39] [INFO] Thread 2 log 413
[2026-03-30 17:57:39] [INFO] Thread 2 log 414
[2026-03-30 17:57:39] [INFO] Thread 2 log 415
[2026-03-30 17:57:39] [INFO] Thread 2 log 416
[2026-03-30 17:57:39] [INFO] Thread 2 log 417
[2026-03-30 17:57:39] [INFO] Thread 2 log 418
[2026-03-30 17:57:39] [INFO] Thread 2 log 419
[2026-03-30 17:57:39] [INFO] Thread 2 log 420
[2026-03-30 17:57:39] [INFO] Thread 2 log 421
[2026-03-30 17:57:39] [INFO] Thread 2 log 422
[2026-03-30 17:57:39] [INFO] Thread 2 log 423
[2026-03-30 17:57:39] [INFO] Thread 2 log 424
[2026-03-30 17:57:39] [INFO] Thread 2 log 425
[2026-03-30 17:57:39] [INFO] Thread 2 log 426
[2026-03-30 17:57:39] [INFO] Thread 2 log 427
[2026-03-30 17:57:39] [INFO] Thread 2 log 428
[2026-03-30 17:57:39] [INFO] Thread 2 log 429
[2026-03-30 17:57:39] [INFO] Thread 2 log 430
[2026-03-30 17:57:39] [INFO] Thread 2 log 431
[2026-03-30 17:57:39] [INFO] Thread 2 log 432
[2026-03-30 17:57:39] [INFO] Thread 2 log 433
[2026-03-30 17:57:39] [INFO] Thread 2 log 434
[2026-03-30 17:57:39] [INFO] Thread 2 log 435
[2026-03-30 17:57:39] [INFO] Thread 2 log 436
[2026-03-30 17:57:39] [INFO] Thread 2 log 437
[2026-03-30 17:57:39] [INFO] Thread 2 log 438
[2026-03-30 17:57:39] [INFO] Thread 2 log 439
[2026-03-30 17:57:39] [INFO] Thread 2 log 440
[2026-03-30 17:57:39] [INFO] Thread 2 log 441
[2026-03-30 17:57:39] [INFO] Thread 2 log 442
[2026-03-30 17:57:39] [INFO] Thread 2 log 443
[2026-03-30 17:57:39] [INFO] Thread 2 log 444
[2026-03-30 17:57:39] [INFO] Thread 2 log 445
[2026-03-30 17:57:39] [INFO] Thread 2 log 446
[2026-03-30 17:57:39] [INFO] Thread 2 log 447
[2026-03-30 17:57:39] [INFO] Thread 2 log 448
[2026-03-30 17:57:39] [INFO] Thread 2 log 449
[2026-03-30 17:57:39] [INFO] Thread 2 log 450
[2026-03-30 17:57:39] [INFO] Thread 2 log 451
[2026-03-30 17:57:39] [INFO] Thread 2 log 452
[2026-03-30 17:57:39] [INFO] Thread 2 log 453
[2026-03-30 17:57:39] [INFO] Thread 2 log 454
[2026-03-30 17:57:39] [INFO] Thread 2 log 455
[2026-03-30 17:57:39] [INFO] Thread 2 log 456
[2026-03-30 17:57:39] [INFO] Thread 2 log 457
[2026-03-30 17:57:39] [INFO] Thread 2 log 458
[2026-03-30 17:57:39] [INFO] Thread 2 log 459
[2026-03-30 17:57:39] [INFO] Thread 2 log 460
[2026-03-30 17:57:39] [INFO] Thread 2 log 461
[2026-03-30 17:57:39] [INFO] Thread 2 log 462
[2026-03-30 17:57:39] [INFO] Thread 2 log 463
[2026-03-30 17:57:39] [INFO] Thread 2 log 464
[2026-03-30 17:57:39] [INFO] Thread 2 log 465
[2026-03-30 17:57:39] [INFO] Thread 2 log 466
[2026-03-30 17:57:39] [INFO] Thread 2 log 467
[2026-03-30 17:57:39] [INFO] Thread 2 log 468
[2026-03-30 17:57:39] [INFO] Thread 2 log 469
[2026-03-30 17:57:39] [INFO] Thread 2 log 470
[2026-03-30 17:57:39] [INFO] Thread 2 log 471
[2026-03-30 17:57:39] [INFO] Thread 2 log 472
[2026-03-30 17:57:39] [INFO] Thread 2 log 473
[2026-03-30 17:57:39] [INFO] Thread 2 log 474
[2026-03-30 17:57:39] [INFO] Thread 2 log 475
[2026-03-30 17:57:39] [INFO] Thread 2 log 476
[2026-03-30 17:57:39] [INFO] Thread 2 log 477
[2026-03-30 17:57:39] [INFO] Thread 2 log 478
[2026-03-30 17:57:39] [INFO] Thread 2 log 479
[2026-03-30 17:57:39] [INFO] Thread 2 log 480
[2026-03-30 17:57:39] [INFO] Thread 2 log 481
[2026-03-30 17:57:39] [INFO] Thread 2 log 482
[2026-03-30 17:57:39] [INFO] Thread 2 log 483
[2026-03-30 17:57:39] [INFO] Thread 2 log 484
[2026-03-30 17:57:39] [INFO] Thread 2 log 485
[2026-03-30 17:57:39] [INFO] Thread 2 log 486
[2026-03-30 17:57:39] [INFO] Thread 2 log 487
[2026-03-30 17:57:39] [INFO] Thread 2 log 488
[2026-03-30 17:57:39] [INFO] Thread 2 log 489
[2026-03-30 17:57:39] [INFO] Thread 2 log 490
[2026-03-30 17:57:39] [INFO] Thread 2 log 491
[2026-03-30 17:57:39] [INFO] Thread 2 log 492
[2026-03-30 17:57:39] [INFO] Thread 2 log 493
[2026-03-30 17:57:39] [INFO] Thread 2 log 494
[2026-03-30 17:57:39] [INFO] Thread 2 log 495
[2026-03-30 17:57:39] [INFO] Thread 2 log 496
[2026-03-30 17:57:39] [INFO] Thread 2 log 497
[2026-03-30 17:57:39] [INFO] Thread 2 log 498
[2026-03-30 17:57:39] [INFO] Thread 2 log 499
[2026-03-30 17:57:39] [INFO] Thread 2 log 500
[2026-03-30 17:57:39] [INFO] Thread 2 log 501
[2026-03-30 17:57:39] [INFO] Thread 2 log 502
[2026-03-30 17:57:39] [INFO] Thread 2 log 503
[2026-03-30 17:57:39] [INFO] Thread 2 log 504
[2026-03-30 17:57:39] [INFO] Thread 2 log 505
[2026-03-30 17:57:39] [INFO] Thread 2 log 506
[2026-03-30 17:57:39] [INFO] Thread 2 log 507
[2026-03-30 17:57:39] [INFO] Thread 2 log 508
[2026-03-30 17:57:39] [INFO] Thread 2 log 509
[2026-03-30 17:57:39] [INFO] Thread 2 log 510
[2026-03-30 17:57:39] [INFO] Thread 2 log 511
[2026-03-30 17:57:39] [INFO] Thread 2 log 512
[2026-03-30 17:57:39] [INFO] Thread 2 log 513
[2026-03-30 17:57:39] [INFO] Thread 2 log 514
[2026-03-30 17:57:39] [INFO] Thread 2 log 515
[2026-03-30 17:57:39] [INFO] Thread 2 log 516
[2026-03-30 17:57:39] [INFO] Thread 2 log 517
[2026-03-30 17:57:39] [INFO] Thread 2 log 518
[2026-03-30 17:57:39] [INFO] Thread 2 log 519
[2026-03-30 17:57:39] [INFO] Thread 2 log 520
[2026-03-30 17:57:39] [INFO] Thread 2 log 521
[2026-03-30 17:57:39] [INFO] Thread 2 log 522
[2026-03-30 17:57:39] [INFO] Thread 2 log 523
[2026-03-30 17:57:39] [INFO] Thread 2 log 524
[2026-03-30 17:57:39] [INFO] Thread 2 log 525
[2026-03-30 17:57:39] [INFO] Thread 2 log 526
[2026-03-30 17:57:39] [INFO] Thread 2 log 527
[2026-03-30 17:57:39] [INFO] Thread 2 log 528
[2026-03-30 17:57:39] [INFO] Thread 2 log 529
[2026-03-30 17:57:39] [INFO] Thread 2 log 530
[2026-03-30 17:57:39] [INFO] Thread 2 log 531
[2026-03-30 17:57:39] [INFO] Thread 2 log 532
[2026-03-30 17:57:39] [INFO] Thread 2 log 533
[2026-03-30 17:57:39] [INFO] Thread 2 log 534
[2026-03-30 17:57:39] [INFO] Thread 2 log 535
[2026-03-30 17:57:39] [INFO] Thread 2 log 536
[2026-03-30 17:57:39] [INFO] Thread 2 log 537
[2026-03-30 17:57:39] [INFO] Thread 2 log 538
[2026-03-30 17:57:39] [INFO] Thread 2 log 539
[2026-03-30 17:57:39] [INFO] Thread 2 log 540
[2026-03-30 17:57:39] [INFO] Thread 2 log 541
[2026-03-30 17:57:39] [INFO] Thread 2 log 542
[2026-03-30 17:57:39] [INFO] Thread 2 log 543
[2026-03-30 17:57:39] [INFO] Thread 2 log 544
[2026-03-30 17:57:39] [INFO] Thread 2 log 545
[2026-03-30 17:57:39] [INFO] Thread 2 log 546
[2026-03-30 17:57:39] [INFO] Thread 2 log 547
[2026-03-30 17:57:39] [INFO] Thread 2 log 548
[2026-03-30 17:57:39] [INFO] Thread 2 log 549
[2026-03-30 17:57:39] [INFO] Thread 2 log 550
[2026-03-30 17:57:39] [INFO] Thread 2 log 551
[2026-03-30 17:57:39] [INFO] Thread 2 log 552
[2026-03-30 17:57:39] [INFO] Thread 2 log 553
[2026-03-30 17:57:39] [INFO] Thread 2 log 554
[2026-03-30 17:57:39] [INFO] Thread 2 log 555
[2026-03-30 17:57:39] [INFO] Thread 2 log 556
[2026-03-30 17:57:39] [INFO] Thread 2 log 557
[2026-03-30 17:57:39] [INFO] Thread 2 log 558
[2026-03-30 17:57:39] [INFO] Thread 2 log 559
[2026-03-30 17:57:39] [INFO] Thread 2 log 560
[2026-03-30 17:57:39] [INFO] Thread 2 log 561
[2026-03-30 17:57:39] [INFO] Thread 2 log 562
[2026-03-30 17:57:39] [INFO] Thread 2 log 563
[2026-03-30 17:57:39] [INFO] Thread 2 log 564
[2026-03-30 17:57:39] [INFO] Thread 2 log 565
[2026-03-30 17:57:39] [INFO] Thread 2 log 566
[2026-03-30 17:57:39] [INFO] Thread 2 log 567
[2026-03-30 17:57:39] [INFO] Thread 2 log 568
[2026-03-30 17:57:39] [INFO] Thread 2 log 569
[2026-03-30 17:57:39] [INFO] Thread 2 log 570
[2026-03-30 17:57:39] [INFO] Thread 2 log 571
[2026-03-30 17:57:39] [INFO] Thread 2 log 572
[2026-03-30 17:57:39] [INFO] Thread 2 log 573
[2026-03-30 17:57:39] [INFO] Thread 2 log 574
[2026-03-30 17:57:39] [INFO] Thread 2 log 575
[2026-03-30 17:57:39] [INFO] Thread 2 log 576
[2026-03-30 17:57:39] [INFO] Thread 2 log 577
[2026-03-30 17:57:39] [INFO] Thread 2 log 578
[2026-03-30 17:57:39] [INFO] Thread 2 log 579
[2026-03-30 17:57:39] [INFO] Thread 2 log 580
[2026-03-30 17:57:39] [INFO] Thread 2 log 581
[2026-03-30 17:57:39] [INFO] Thread 2 log 582
[2026-03-30 17:57:39] [INFO] Thread 2 log 583
[2026-03-30 17:57:39] [INFO] Thread 2 log 584
[2026-03-30 17:57:39] [INFO] Thread 2 log 585
[2026-03-30 17:57:39] [INFO] Thread 2 log 586
[2026-03-30 17:57:39] [INFO] Thread 2 log 587
[2026-03-30 17:57:39] [INFO] Thread 2 log 588
[2026-03-30 17:57:39] [INFO] Thread 2 log 589
[2026-03-30 17:57:39] [INFO] Thread 2 log 590
[2026-03-30 17:57:39] [INFO] Thread 2 log 591
[2026-03-30 17:57:39] [INFO] Thread 2 log 592
[2026-03-30 17:57:39] [INFO] Thread 2 log 593
[2026-03-30 17:57:39] [INFO] Thread 2 log 594
[2026-03-30 17:57:39] [INFO] Thread 2 log 595
[2026-03-30 17:57:39] [INFO] Thread 2 log 596
[2026-03-30 17:57:39] [INFO] Thread 2 log 597
[2026-03-30 17:57:39] [INFO] Thread 2 log 598
[2026-03-30 17:57:39] [INFO] Thread 2 log 599
[2026-03-30 17:57:39] [INFO] Thread 2 log 600
[2026-03-30 17:57:39] [INFO] Thread 2 log 601
[2026-03-30 17:57:39] [INFO] Thread 2 log 602
[2026-03-30 17:57:39] [INFO] Thread 2 log 603
[2026-03-30 17:57:39] [INFO] Thread 2 log 604
[2026-03-30 17:57:39] [INFO] Thread 2 log 605
[2026-03-30 17:57:39] [INFO] Thread 2 log 606
[2026-03-30 17:57:39] [INFO] Thread 2 log 607
[2026-03-30 17:57:39] [INFO] Thread 2 log 608
[2026-03-30 17:57:39] [INFO] Thread 2 log 609
[2026-03-30 17:57:39] [INFO] Thread 2 log 610
[2026-03-30 17:57:39] [INFO] Thread 2 log 611
[2026-03-30 17:57:39] [INFO] Thread 2 log 612
[2026-03-30 17:57:39] [INFO] Thread 2 log 613
[2026-03-30 17:57:39] [INFO] Thread 2 log 614
[2026-03-30 17:57:39] [INFO] Thread 2 log 615
[2026-03-30 17:57:39] [INFO] Thread 2 log 616
[2026-03-30 17:57:39] [INFO] Thread 2 log 617
[2026-03-30 17:57:39] [INFO] Thread 2 log 618
[2026-03-30 17:57:39] [INFO] Thread 2 log 619
[2026-03-30 17:57:39] [INFO] Thread 2 log 620
[2026-03-30 17:57:39] [INFO] Thread 2 log 621
[2026-03-30 17:57:39] [INFO] Thread 2 log 622
[2026-03-30 17:57:39] [INFO] Thread 2 log 623
[2026-03-30 17:57:39] [INFO] Thread 2 log 624
[2026-03-30 17:57:39] [INFO] Thread 2 log 625
[2026-03-30 17:57:39] [INFO] Thread 2 log 626
[2026-03-30 17:57:39] [INFO] Thread 2 log 627
[2026-03-30 17:57:39] [INFO] Thread 2 log 628
[2026-03-30 17:57:39] [INFO] Thread 2 log 629
[2026-03-30 17:57:39] [INFO] Thread 2 log 630
[2026-03-30 17:57:39] [INFO] Thread 2 log 631
[2026-03-30 17:57:39] [INFO] Thread 2 log 632
[2026-03-30 17:57:39] [INFO] Thread 2 log 633
[2026-03-30 17:57:39] [INFO] Thread 2 log 634
[2026-03-30 17:57:39] [INFO] Thread 2 log 635
[2026-03-30 17:57:39] [INFO] Thread 2 log 636
[2026-03-30 17:57:39] [INFO] Thread 2 log 637
[2026-03-30 17:57:39] [INFO] Thread 2 log 638
[2026-03-30 17:57:39] [INFO] Thread 2 log 639
[2026-03-30 17:57:39] [INFO] Thread 2 log 640
[2026-03-30 17:57:39] [INFO] Thread 2 log 641
[2026-03-30 17:57:39] [INFO] Thread 2 log 642
[2026-03-30 17:57:39] [INFO] Thread 2 log 643
[2026-03-30 17:57:39] [INFO] Thread 2 log 644
[2026-03-30 17:57:39] [INFO] Thread 2 log 645
[2026-03-30 17:57:39] [INFO] Thread 2 log 646
[2026-03-30 17:57:39] [INFO] Thread 2 log 647
[2026-03-30 17:57:39] [INFO] Thread 2 log 648
[2026-03-30 17:57:39] [INFO] Thread 2 log 649
[2026-03-30 17:57:39] [INFO] Thread 2 log 650
[2026-03-30 17:57:39] [INFO] Thread 2 log 651
[2026-03-30 17:57:39] [INFO] Thread 2 log 652
[2026-03-30 17:57:39] [INFO] Thread 2 log 653
[2026-03-30 17:57:39] [INFO] Thread 2 log 654
[2026-03-30 17:57:39] [INFO] Thread 2 log 655
[2026-03-30 17:57:39] [INFO] Thread 2 log 656
[2026-03-30 17:57:39] [INFO] Thread 2 log 657
[2026-03-30 17:57:39] [INFO] Thread 2 log 658
[2026-03-30 17:57:39] [INFO] Thread 2 log 659
[2026-03-30 17:57:39] [INFO] Thread 2 log 660
[2026-03-30 17:57:39] [INFO] Thread 2 log 661
[2026-03-30 17:57:39] [INFO] Thread 2 log 662
[2026-03-30 17:57:39] [INFO] Thread 2 log 663
[2026-03-30 17:57:39] [INFO] Thread 2 log 664
[2026-03-30 17:57:39] [INFO] Thread 2 log 665
[2026-03-30 17:57:39] [INFO] Thread 2 log 666
[2026-03-30 17:57:39] [INFO] Thread 2 log 667
[2026-03-30 17:57:39] [INFO] Thread 2 log 668
[2026-03-30 17:57:39] [INFO] Thread 2 log 669
[2026-03-30 17:57:39] [INFO] Thread 2 log 670
[2026-03-30 17:57:39] [INFO] Thread 2 log 671
[2026-03-30 17:57:39] [INFO] Thread 2 log 672
[2026-03-30 17:57:39] [INFO] Thread 2 log 673
[2026-03-30 17:57:39] [INFO] Thread 2 log 674
[2026-03-30 17:57:39] [INFO] Thread 2 log 675
[2026-03-30 17:57:39] [INFO] Thread 2 log 676
[2026-03-30 17:57:39] [INFO] Thread 2 log 677
[2026-03-30 17:57:39] [INFO] Thread 2 log 678
[2026-03-30 17:57:39] [INFO] Thread 2 log 679
[2026-03-30 17:57:39] [INFO] Thread 2 log 680
[2026-03-30 17:57:39] [INFO] Thread 2 log 681
[2026-03-30 17:57:39] [INFO] Thread 2 log 682
[2026-03-30 17:57:39] [INFO] Thread 2 log 683
[2026-03-30 17:57:39] [INFO] Thread 2 log 684
[2026-03-30 17:57:39] [INFO] Thread 2 log 685
[2026-03-30 17:57:39] [INFO] Thread 2 log 686
[2026-03-30 17:57:39] [INFO] Thread 2 log 687
[2026-03-30 17:57:39] [INFO] Thread 2 log 688
[2026-03-30 17:57:39] [INFO] Thread 2 log 689
[2026-03-30 17:57:39] [INFO] Thread 2 log 690
[2026-03-30 17:57:39] [INFO] Thread 2 log 691
[2026-03-30 17:57:39] [INFO] Thread 2 log 692
[2026-03-30 17:57:39] [INFO] Thread 2 log 693
[2026-03-30 17:57:39] [INFO] Thread 2 log 694
[2026-03-30 17:57:39] [INFO] Thread 2 log 695
[2026-03-30 17:57:39] [INFO] Thread 2 log 696
[2026-03-30 17:57:39] [INFO] Thread 2 log 697
[2026-03-30 17:57:39] [INFO] Thread 2 log 698
[2026-03-30 17:57:39] [INFO] Thread 2 log 699
[2026-03-30 17:57:39] [INFO] Thread 2 log 700
[2026-03-30 17:57:39] [INFO] Thread 2 log 701
[2026-03-30 17:57:39] [INFO] Thread 2 log 702
[2026-03-30 17:57:39] [INFO] Thread 2 log 703
[2026-03-30 17:57:39] [INFO] Thread 2 log 704
[2026-03-30 17:57:39] [INFO] Thread 2 log 705
[2026-03-30 17:57:39] [INFO] Thread 2 log 706
[2026-03-30 17:57:39] [INFO] Thread 2 log 707
[2026-03-30 17:57:39] [INFO] Thread 2 log 708
[2026-03-30 17:57:39] [INFO] Thread 2 log 709
[2026-03-30 17:57:39] [INFO] Thread 2 log 710
[2026-03-30 17:57:39] [INFO] Thread 2 log 711
[2026-03-30 17:57:39] [INFO] Thread 2 log 712
[2026-03-30 17:57:39] [INFO] Thread 2 log 713
[2026-03-30 17:57:39] [INFO] Thread 2 log 714
[2026-03-30 17:57:39] [INFO] Thread 2 log 715
[2026-03-30 17:57:39] [INFO] Thread 2 log 716
[2026-03-30 17:57:39] [INFO] Thread 2 log 717
[2026-03-30 17:57:39] [INFO] Thread 2 log 718
[2026-03-30 17:57:39] [INFO] Thread 2 log 719
[2026-03-30 17:57:39] [INFO] Thread 2 log 720
[2026-03-30 17:57:39] [INFO] Thread 2 log 721
[2026-03-30 17:57:39] [INFO] Thread 2 log 722
[2026-03-30 17:57:39] [INFO] Thread 2 log 723
[2026-03-30 17:57:39] [INFO] Thread 2 log 724
[2026-03-30 17:57:39] [INFO] Thread 2 log 725
[2026-03-30 17:57:39] [INFO] Thread 2 log 726
[2026-03-30 17:57:39] [INFO] Thread 2 log 727
[2026-03-30 17:57:39] [INFO] Thread 2 log 728
[2026-03-30 17:57:39] [INFO] Thread 2 log 729
[2026-03-30 17:57:39] [INFO] Thread 2 log 730
[2026-03-30 17:57:39] [INFO] Thread 2 log 731
[2026-03-30 17:57:39] [INFO] Thread 2 log 732
[2026-03-30 17:57:39] [INFO] Thread 2 log 733
[2026-03-30 17:57:39] [INFO] Thread 2 log 734
[2026-03-30 17:57:39] [INFO] Thread 2 log 735
[2026-03-30 17:57:39] [INFO] Thread 2 log 736
[2026-03-30 17:57:39] [INFO] Thread 2 log 737
[2026-03-30 17:57:39] [INFO] Thread 2 log 738
[2026-03-30 17:57:39] [INFO] Thread 2 log 739
[2026-03-30 17:57:39] [INFO] Thread 2 log 740
[2026-03-30 17:57:39] [INFO] Thread 2 log 741
[2026-03-30 17:57:39] [INFO] Thread 2 log 742
[2026-03-30 17:57:39] [INFO] Thread 2 log 743
[2026-03-30 17:57:39] [INFO] Thread 2 log 744
[2026-03-30 17:57:39] [INFO] Thread 2 log 745
[2026-03-30 17:57:39] [INFO] Thread 2 log 746
[2026-03-30 17:57:39] [INFO] Thread 2 log 747
[2026-03-30 17:57:39] [INFO] Thread 2 log 748
[2026-03-30 17:57:39] [INFO] Thread 2 log 749
[2026-03-30 17:57:39] [INFO] Thread 2 log 750
[2026-03-30 17:57:39] [INFO] Thread 2 log 751
[2026-03-30 17:57:39] [INFO] Thread 2 log 752
[2026-03-30 17:57:39] [INFO] Thread 2 log 753
[2026-03-30 17:57:39] [INFO] Thread 2 log 754
[2026-03-30 17:57:39] [INFO] Thread 2 log 755
[2026-03-30 17:57:39] [INFO] Thread 2 log 756
[2026-03-30 17:57:39] [INFO] Thread 2 log 757
[2026-03-30 17:57:39] [INFO] Thread 2 log 758
[2026-03-30 17:57:39] [INFO] Thread 2 log 759
[2026-03-30 17:57:39] [INFO] Thread 2 log 760
[2026-03-30 17:57:39] [INFO] Thread 2 log 761
[2026-03-30 17:57:39] [INFO] Thread 2 log 762
[2026-03-30 17:57:39] [INFO] Thread 2 log 763
[2026-03-30 17:57:39] [INFO] Thread 2 log 764
[2026-03-30 17:57:39] [INFO] Thread 2 log 765
[2026-03-30 17:57:39] [INFO] Thread 2 log 766
[2026-03-30 17:57:39] [INFO] Thread 2 log 767
[2026-03-30 17:57:39] [INFO] Thread 2 log 768
[2026-03-30 17:57:39] [INFO] Thread 2 log 769
[2026-03-30 17:57:39] [INFO] Thread 2 log 770
[2026-03-30 17:57:39] [INFO] Thread 2 log 771
[2026-03-30 17:57:39] [INFO] Thread 2 log 772
[2026-03-30 17:57:39] [INFO] Thread 2 log 773
[2026-03-30 17:57:39] [INFO] Thread 2 log 774
[2026-03-30 17:57:39] [INFO] Thread 2 log 775
[2026-03-30 17:57:39] [INFO] Thread 2 log 776
[2026-03-30 17:57:39] [INFO] Thread 2 log 777
[2026-03-30 17:57:39] [INFO] Thread 2 log 778
[2026-03-30 17:57:39] [INFO] Thread 2 log 779
[2026-03-30 17:57:39] [INFO] Thread 2 log 780
[2026-03-30 17:57:39] [INFO] Thread 2 log 781
[2026-03-30 17:57:39] [INFO] Thread 2 log 782
[2026-03-30 17:57:39] [INFO] Thread 2 log 783
[2026-03-30 17:57:39] [INFO] Thread 2 log 784
[2026-03-30 17:57:39] [INFO] Thread 2 log 785
[2026-03-30 17:57:39] [INFO] Thread 2 log 786
[2026-03-30 17:57:39] [INFO] Thread 2 log 787
[2026-03-30 17:57:39] [INFO] Thread 2 log 788
[2026-03-30 17:57:39] [INFO] Thread 2 log 789
[2026-03-30 17:57:39] [INFO] Thread 2 log 790
[2026-03-30 17:57:39] [INFO] Thread 2 log 791
[2026-03-30 17:57:39] [INFO] Thread 2 log 792
[2026-03-30 17:57:39] [INFO] Thread 2 log 793
[2026-03-30 17:57:39] [INFO] Thread 2 log 794
[2026-03-30 17:57:39] [INFO] Thread 2 log 795
[2026-03-30 17:57:39] [INFO] Thread 2 log 796
[2026-03-30 17:57:39] [INFO] Thread 2 log 797
[2026-03-30 17:57:39] [INFO] Thread 2 log 798
[2026-03-30 17:57:39] [INFO] Thread 2 log 799
[2026-03-30 17:57:39] [INFO] Thread 2 log 800
[2026-03-30 17:57:39] [INFO] Thread 2 log 801
[2026-03-30 17:57:39] [INFO] Thread 2 log 802
[2026-03-30 17:57:39] [INFO] Thread 2 log 803
[2026-03-30 17:57:39] [INFO] Thread 2 log 804
[2026-03-30 17:57:39] [INFO] Thread 2 log 805
[2026-03-30 17:57:39] [INFO] Thread 2 log 806
[2026-03-30 17:57:39] [INFO] Thread 2 log 807
[2026-03-30 17:57:39] [INFO] Thread 2 log 808
[2026-03-30 17:57:39] [INFO] Thread 2 log 809
[2026-03-30 17:57:39] [INFO] Thread 2 log 810
[2026-03-30 17:57:39] [INFO] Thread 2 log 811
[2026-03-30 17:57:39] [INFO] Thread 2 log 812
[2026-03-30 17:57:39] [INFO] Thread 2 log 813
[2026-03-30 17:57:39] [INFO] Thread 2 log 814
[2026-03-30 17:57:39] [INFO] Thread 2 log 815
[2026-03-30 17:57:39] [INFO] Thread 2 log 816
[2026-03-30 17:57:39] [INFO] Thread 2 log 817
[2026-03-30 17:57:39] [INFO] Thread 2 log 818
[2026-03-30 17:57:39] [INFO] Thread 2 log 819
[2026-03-30 17:57:39] [INFO] Thread 2 log 820
[2026-03-30 17:57:39] [INFO] Thread 2 log 821
[2026-03-30 17:57:39] [INFO] Thread 2 log 822
[2026-03-30 17:57:39] [INFO] Thread 2 log 823
[2026-03-30 17:57:39] [INFO] Thread 2 log 824
[2026-03-30 17:57:39] [INFO] Thread 2 log 825
[2026-03-30 17:57:39] [INFO] Thread 2 log 826
[2026-03-30 17:57:39] [INFO] Thread 2 log 827
[2026-03-30 17:57:39] [INFO] Thread 2 log 828
[2026-03-30 17:57:39] [INFO] Thread 2 log 829
[2026-03-30 17:57:39] [INFO] Thread 2 log 830
[2026-03-30 17:57:39] [INFO] Thread 2 log 831
[2026-03-30 17:57:39] [INFO] Thread 2 log 832
[2026-03-30 17:57:39] [INFO] Thread 2 log 833
[2026-03-30 17:57:39] [INFO] Thread 2 log 834
[2026-03-30 17:57:39] [INFO] Thread 2 log 835
[2026-03-30 17:57:39] [INFO] Thread 2 log 836
[2026-03-30 17:57:39] [INFO] Thread 2 log 837
[2026-03-30 17:57:39] [INFO] Thread 2 log 838
[2026-03-30 17:57:39] [INFO] Thread 2 log 839
[2026-03-30 17:57:39] [INFO] Thread 2 log 840
[2026-03-30 17:57:39] [INFO] Thread 2 log 841
[2026-03-30 17:57:39] [INFO] Thread 2 log 842
[2026-03-30 17:57:39] [INFO] Thread 2 log 843
[2026-03-30 17:57:39] [INFO] Thread 2 log 844
[2026-03-30 17:57:39] [INFO] Thread 2 log 845
[2026-03-30 17:57:39] [INFO] Thread 2 log 846
[2026-03-30 17:57:39] [INFO] Thread 2 log 847
[2026-03-30 17:57:39] [INFO] Thread 2 log 848
[2026-03-30 17:57:39] [INFO] Thread 2 log 849
[2026-03-30 17:57:39] [INFO] Thread 2 log 850
[2026-03-30 17:57:39] [INFO] Thread 2 log 851
[2026-03-30 17:57:39] [INFO] Thread 2 log 852
[2026-03-30 17:57:39] [INFO] Thread 2 log 853
[2026-03-30 17:57:39] [INFO] Thread 2 log 854
[2026-03-30 17:57:39] [INFO] Thread 2 log 855
[2026-03-30 17:57:39] [INFO] Thread 2 log 856
[2026-03-30 17:57:39] [INFO] Thread 2 log 857
[2026-03-30 17:57:39] [INFO] Thread 2 log 858
[2026-03-30 17:57:39] [INFO] Thread 2 log 859
[2026-03-30 17:57:39] [INFO] Thread 2 log 860
[2026-03-30 17:57:39] [INFO] Thread 2 log 861
[2026-03-30 17:57:39] [INFO] Thread 2 log 862
[2026-03-30 17:57:39] [INFO] Thread 2 log 863
[2026-03-30 17:57:39] [INFO] Thread 2 log 864
[2026-03-30 17:57:39] [INFO] Thread 2 log 865
[2026-03-30 17:57:39] [INFO] Thread 2 log 866
[2026-03-30 17:57:39] [INFO] Thread 2 log 867
[2026-03-30 17:57:39] [INFO] Thread 2 log 868
[2026-03-30 17:57:39] [INFO] Thread 2 log 869
[2026-03-30 17:57:39] [INFO] Thread 2 log 870
[2026-03-30 17:57:39] [INFO] Thread 2 log 871
[2026-03-30 17:57:39] [INFO] Thread 2 log 872
[2026-03-30 17:57:39] [INFO] Thread 2 log 873
[2026-03-30 17:57:39] [INFO] Thread 2 log 874
[2026-03-30 17:57:39] [INFO] Thread 2 log 875
[2026-03-30 17:57:39] [INFO] Thread 2 log 876
[2026-03-30 17:57:39] [INFO] Thread 2 log 877
[2026-03-30 17:57:39] [INFO] Thread 2 log 878
[2026-03-30 17:57:39] [INFO] Thread 2 log 879
[2026-03-30 17:57:39] [INFO] Thread 2 log 880
[2026-03-30 17:57:39] [INFO] Thread 2 log 881
[2026-03-30 17:57:39] [INFO] Thread 2 log 882
[2026-03-30 17:57:39] [INFO] Thread 2 log 883
[2026-03-30 17:57:39] [INFO] Thread 2 log 884
[2026-03-30 17:57:39] [INFO] Thread 2 log 885
[2026-03-30 17:57:39] [INFO] Thread 2 log 886
[2026-03-30 17:57:39] [INFO] Thread 2 log 887
[2026-03-30 17:57:39] [INFO] Thread 2 log 888
[2026-03-30 17:57:39] [INFO] Thread 2 log 889
[2026-03-30 17:57:40] [INFO] Thread 2 log 890
[2026-03-30 17:57:40] [INFO] Thread 2 log 891
[2026-03-30 17:57:40] [INFO] Thread 2 log 892
[2026-03-30 17:57:40] [INFO] Thread 2 log 893
[2026-03-30 17:57:40] [INFO] Thread 2 log 894
[2026-03-30 17:57:40] [INFO] Thread 2 log 895
[2026-03-30 17:57:40] [INFO] Thread 2 log 896
[2026-03-30 17:57:40] [INFO] Thread 2 log 897
[2026-03-30 17:57:40] [INFO] Thread 2 log 898
[2026-03-30 17:57:40] [INFO] Thread 2 log 899
[2026-03-30 17:57:40] [INFO] Thread 2 log 900
[2026-03-30 17:57:40] [INFO] Thread 2 log 901
[2026-03-30 17:57:40] [INFO] Thread 2 log 902
[2026-03-30 17:57:40] [INFO] Thread 2 log 903
[2026-03-30 17:57:40] [INFO] Thread 2 log 904
[2026-03-30 17:57:40] [INFO] Thread 2 log 905
[2026-03-30 17:57:40] [INFO] Thread 2 log 906
[2026-03-30 17:57:40] [INFO] Thread 2 log 907
[2026-03-30 17:57:40] [INFO] Thread 2 log 908
[2026-03-30 17:57:40] [INFO] Thread 2 log 909
[2026-03-30 17:57:40] [INFO] Thread 2 log 910
[2026-03-30 17:57:40] [INFO] Thread 2 log 911
[2026-03-30 17:57:40] [INFO] Thread 2 log 912
[2026-03-30 17:57:40] [INFO] Thread 2 log 913
[2026-03-30 17:57:40] [INFO] Thread 2 log 914
[2026-03-30 17:57:40] [INFO] Thread 2 log 915
[2026-03-30 17:57:40] [INFO] Thread 2 log 916
[2026-03-30 17:57:40] [INFO] Thread 2 log 917
[2026-03-30 17:57:40] [INFO] Thread 2 log 918
[2026-03-30 17:57:40] [INFO] Thread 2 log 919
[2026-03-30 17:57:40] [INFO] Thread 2 log 920
[2026-03-30 17:57:40] [INFO] Thread 2 log 921
[2026-03-30 17:57:40] [INFO] Thread 2 log 922
[2026-03-30 17:57:40] [INFO] Thread 2 log 923
[2026-03-30 17:57:40] [INFO] Thread 2 log 924
[2026-03-30 17:57:40] [INFO] Thread 2 log 925
[2026-03-30 17:57:40] [INFO] Thread 2 log 926
[2026-03-30 17:57:40] [INFO] Thread 2 log 927
[2026-03-30 17:57:40] [INFO] Thread 2 log 928
[2026-03-30 17:57:40] [INFO] Thread 2 log 929
[2026-03-30 17:57:40] [INFO] Thread 2 log 930
[2026-03-30 17:57:40] [INFO] Thread 2 log 931
[2026-03-30 17:57:40] [INFO] Thread 2 log 932
[2026-03-30 17:57:40] [INFO] Thread 2 log 933
[2026-03-30 17:57:40] [INFO] Thread 2 log 934
[2026-03-30 17:57:40] [INFO] Thread 2 log 935
[2026-03-30 17:57:40] [INFO] Thread 2 log 936
[2026-03-30 17:57:40] [INFO] Thread 2 log 937
[2026-03-30 17:57:40] [INFO] Thread 2 log 938
[2026-03-30 17:57:40] [INFO] Thread 2 log 939
[2026-03-30 17:57:40] [INFO] Thread 2 log 940
[2026-03-30 17:57:40] [INFO] Thread 2 log 941
[2026-03-30 17:57:40] [INFO] Thread 2 log 942
